Release 14.7 - xst P.20131013 (nt64)
Copyright (c) 1995-2013 Xilinx, Inc.  All rights reserved.
--> Parameter TMPDIR set to xst/projnav.tmp


Total REAL time to Xst completion: 0.00 secs
Total CPU time to Xst completion: 0.14 secs
 
--> Parameter xsthdpdir set to xst


Total REAL time to Xst completion: 0.00 secs
Total CPU time to Xst completion: 0.14 secs
 
--> Reading design: sopc.prj

TABLE OF CONTENTS
  1) Synthesis Options Summary
  2) HDL Compilation
  3) Design Hierarchy Analysis
  4) HDL Analysis
  5) HDL Synthesis
     5.1) HDL Synthesis Report
  6) Advanced HDL Synthesis
     6.1) Advanced HDL Synthesis Report
  7) Low Level Synthesis
  8) Partition Report
  9) Final Report
	9.1) Device utilization summary
	9.2) Partition Resource Summary
	9.3) TIMING REPORT


=========================================================================
*                      Synthesis Options Summary                        *
=========================================================================
---- Source Parameters
Input File Name                    : "sopc.prj"
Input Format                       : mixed
Ignore Synthesis Constraint File   : NO

---- Target Parameters
Output File Name                   : "sopc"
Output Format                      : NGC
Target Device                      : xc3s1200e-4-fg320

---- Source Options
Top Module Name                    : sopc
Automatic FSM Extraction           : YES
FSM Encoding Algorithm             : Auto
Safe Implementation                : No
FSM Style                          : LUT
RAM Extraction                     : Yes
RAM Style                          : Auto
ROM Extraction                     : Yes
Mux Style                          : Auto
Decoder Extraction                 : YES
Priority Encoder Extraction        : Yes
Shift Register Extraction          : YES
Logical Shifter Extraction         : YES
XOR Collapsing                     : YES
ROM Style                          : Auto
Mux Extraction                     : Yes
Resource Sharing                   : YES
Asynchronous To Synchronous        : NO
Multiplier Style                   : Auto
Automatic Register Balancing       : No

---- Target Options
Add IO Buffers                     : YES
Global Maximum Fanout              : 100000
Add Generic Clock Buffer(BUFG)     : 24
Register Duplication               : YES
Slice Packing                      : YES
Optimize Instantiated Primitives   : NO
Use Clock Enable                   : Yes
Use Synchronous Set                : Yes
Use Synchronous Reset              : Yes
Pack IO Registers into IOBs        : Auto
Equivalent register Removal        : YES

---- General Options
Optimization Goal                  : Speed
Optimization Effort                : 1
Keep Hierarchy                     : No
Netlist Hierarchy                  : As_Optimized
RTL Output                         : Yes
Global Optimization                : AllClockNets
Read Cores                         : YES
Write Timing Constraints           : NO
Cross Clock Analysis               : NO
Hierarchy Separator                : /
Bus Delimiter                      : <>
Case Specifier                     : Maintain
Slice Utilization Ratio            : 100
BRAM Utilization Ratio             : 100
Verilog 2001                       : YES
Auto BRAM Packing                  : NO
Slice Utilization Ratio Delta      : 5

=========================================================================


=========================================================================
*                          HDL Compilation                              *
=========================================================================
Compiling vhdl file "C:/Users/Bob/Documents/xilinx/cpu208/constants.vhd" in Library work.
Architecture constants of Entity constants is up to date.
Compiling vhdl file "C:/Users/Bob/Documents/xilinx/cpu208/pc_reg.vhd" in Library work.
Architecture behavioral of Entity pc_reg is up to date.
Compiling vhdl file "C:/Users/Bob/Documents/xilinx/cpu208/pc_adder.vhd" in Library work.
Architecture behavioral of Entity pc_adder is up to date.
Compiling vhdl file "C:/Users/Bob/Documents/xilinx/cpu208/inst_mem.vhd" in Library work.
Architecture behavioral of Entity inst_mem is up to date.
Compiling vhdl file "C:/Users/Bob/Documents/xilinx/cpu208/if_id.vhd" in Library work.
Architecture behavioral of Entity if_id is up to date.
Compiling vhdl file "C:/Users/Bob/Documents/xilinx/cpu208/registers.vhd" in Library work.
Architecture behavioral of Entity registers is up to date.
Compiling vhdl file "C:/Users/Bob/Documents/xilinx/cpu208/controller.vhd" in Library work.
Architecture behavioral of Entity controller is up to date.
Compiling vhdl file "C:/Users/Bob/Documents/xilinx/cpu208/extend.vhd" in Library work.
Architecture behavioral of Entity extend is up to date.
Compiling vhdl file "C:/Users/Bob/Documents/xilinx/cpu208/src_mux.vhd" in Library work.
Architecture behavioral of Entity src_mux is up to date.
Compiling vhdl file "C:/Users/Bob/Documents/xilinx/cpu208/id_ex.vhd" in Library work.
Architecture behavioral of Entity id_ex is up to date.
Compiling vhdl file "C:/Users/Bob/Documents/xilinx/cpu208/alu.vhd" in Library work.
Architecture behavioral of Entity alu is up to date.
Compiling vhdl file "C:/Users/Bob/Documents/xilinx/cpu208/ex_mem.vhd" in Library work.
Architecture behavioral of Entity ex_mem is up to date.
Compiling vhdl file "C:/Users/Bob/Documents/xilinx/cpu208/data_mem.vhd" in Library work.
Architecture behavioral of Entity data_mem is up to date.
Compiling vhdl file "C:/Users/Bob/Documents/xilinx/cpu208/mem_wb.vhd" in Library work.
Architecture behavioral of Entity mem_wb is up to date.
Compiling vhdl file "C:/Users/Bob/Documents/xilinx/cpu208/cpu.vhd" in Library work.
Architecture behavioral of Entity cpu is up to date.
Compiling vhdl file "C:/Users/Bob/Documents/xilinx/cpu208/ram2.vhd" in Library work.
Architecture behavioral of Entity ram2 is up to date.
Compiling vhdl file "C:/Users/Bob/Documents/xilinx/cpu208/sopc.vhd" in Library work.
Architecture behavioral of Entity sopc is up to date.

=========================================================================
*                     Design Hierarchy Analysis                         *
=========================================================================
Analyzing hierarchy for entity <sopc> in library <work> (architecture <behavioral>).

Analyzing hierarchy for entity <cpu> in library <work> (architecture <behavioral>).

Analyzing hierarchy for entity <ram2> in library <work> (architecture <behavioral>).

Analyzing hierarchy for entity <pc_reg> in library <work> (architecture <behavioral>).

Analyzing hierarchy for entity <pc_adder> in library <work> (architecture <behavioral>).

Analyzing hierarchy for entity <inst_mem> in library <work> (architecture <behavioral>).

Analyzing hierarchy for entity <if_id> in library <work> (architecture <behavioral>).

Analyzing hierarchy for entity <registers> in library <work> (architecture <behavioral>).

Analyzing hierarchy for entity <controller> in library <work> (architecture <behavioral>).

Analyzing hierarchy for entity <extend> in library <work> (architecture <behavioral>).

Analyzing hierarchy for entity <src_mux> in library <work> (architecture <behavioral>).

Analyzing hierarchy for entity <id_ex> in library <work> (architecture <behavioral>).

Analyzing hierarchy for entity <alu> in library <work> (architecture <behavioral>).

Analyzing hierarchy for entity <ex_mem> in library <work> (architecture <behavioral>).

Analyzing hierarchy for entity <data_mem> in library <work> (architecture <behavioral>).

Analyzing hierarchy for entity <mem_wb> in library <work> (architecture <behavioral>).


=========================================================================
*                            HDL Analysis                               *
=========================================================================
Analyzing Entity <sopc> in library <work> (Architecture <behavioral>).
Entity <sopc> analyzed. Unit <sopc> generated.

Analyzing Entity <cpu> in library <work> (Architecture <behavioral>).
Entity <cpu> analyzed. Unit <cpu> generated.

Analyzing Entity <pc_reg> in library <work> (Architecture <behavioral>).
Entity <pc_reg> analyzed. Unit <pc_reg> generated.

Analyzing Entity <pc_adder> in library <work> (Architecture <behavioral>).
Entity <pc_adder> analyzed. Unit <pc_adder> generated.

Analyzing Entity <inst_mem> in library <work> (Architecture <behavioral>).
INFO:Xst:2679 - Register <ram2_we> in unit <inst_mem> has a constant value of 1 during circuit operation. The register is replaced by logic.
Entity <inst_mem> analyzed. Unit <inst_mem> generated.

Analyzing Entity <if_id> in library <work> (Architecture <behavioral>).
Entity <if_id> analyzed. Unit <if_id> generated.

Analyzing Entity <registers> in library <work> (Architecture <behavioral>).
WARNING:Xst:819 - "C:/Users/Bob/Documents/xilinx/cpu208/registers.vhd" line 86: One or more signals are missing in the process sensitivity list. To enable synthesis of FPGA/CPLD hardware, XST will assume that all necessary signals are present in the sensitivity list. Please note that the result of the synthesis may differ from the initial design specification. The missing signals are:
   <WbReg>, <WbData>, <r0>, <r1>, <r2>, <r3>, <r4>, <r5>, <r6>, <r7>, <T>, <IH>, <RA>, <SP>
WARNING:Xst:819 - "C:/Users/Bob/Documents/xilinx/cpu208/registers.vhd" line 111: One or more signals are missing in the process sensitivity list. To enable synthesis of FPGA/CPLD hardware, XST will assume that all necessary signals are present in the sensitivity list. Please note that the result of the synthesis may differ from the initial design specification. The missing signals are:
   <WbReg>, <WbData>, <r0>, <r1>, <r2>, <r3>, <r4>, <r5>, <r6>, <r7>, <T>, <IH>, <RA>, <SP>
Entity <registers> analyzed. Unit <registers> generated.

Analyzing Entity <controller> in library <work> (Architecture <behavioral>).
INFO:Xst:2679 - Register <a_src_o> in unit <controller> has a constant value of 00 during circuit operation. The register is replaced by logic.
INFO:Xst:2679 - Register <reg1_addr_o<3>> in unit <controller> has a constant value of 1 during circuit operation. The register is replaced by logic.
Entity <controller> analyzed. Unit <controller> generated.

Analyzing Entity <extend> in library <work> (Architecture <behavioral>).
INFO:Xst:1561 - "C:/Users/Bob/Documents/xilinx/cpu208/extend.vhd" line 62: Mux is complete : default of case is discarded
INFO:Xst:1561 - "C:/Users/Bob/Documents/xilinx/cpu208/extend.vhd" line 82: Mux is complete : default of case is discarded
Entity <extend> analyzed. Unit <extend> generated.

Analyzing Entity <src_mux> in library <work> (Architecture <behavioral>).
INFO:Xst:1561 - "C:/Users/Bob/Documents/xilinx/cpu208/src_mux.vhd" line 55: Mux is complete : default of case is discarded
INFO:Xst:1561 - "C:/Users/Bob/Documents/xilinx/cpu208/src_mux.vhd" line 66: Mux is complete : default of case is discarded
Entity <src_mux> analyzed. Unit <src_mux> generated.

Analyzing Entity <id_ex> in library <work> (Architecture <behavioral>).
Entity <id_ex> analyzed. Unit <id_ex> generated.

Analyzing Entity <alu> in library <work> (Architecture <behavioral>).
Entity <alu> analyzed. Unit <alu> generated.

Analyzing Entity <ex_mem> in library <work> (Architecture <behavioral>).
Entity <ex_mem> analyzed. Unit <ex_mem> generated.

Analyzing Entity <data_mem> in library <work> (Architecture <behavioral>).
Entity <data_mem> analyzed. Unit <data_mem> generated.

Analyzing Entity <mem_wb> in library <work> (Architecture <behavioral>).
Entity <mem_wb> analyzed. Unit <mem_wb> generated.

Analyzing Entity <ram2> in library <work> (Architecture <behavioral>).
Entity <ram2> analyzed. Unit <ram2> generated.


=========================================================================
*                           HDL Synthesis                               *
=========================================================================

Performing bidirectional port resolution...

Synthesizing Unit <ram2>.
    Related source file is "C:/Users/Bob/Documents/xilinx/cpu208/ram2.vhd".
WARNING:Xst:737 - Found 16-bit latch for signal <ram2_data>. Latches may be generated from incomplete case or if statements. We do not recommend the use of latches in FPGA/CPLD designs, as they may lead to timing problems.
Unit <ram2> synthesized.


Synthesizing Unit <pc_reg>.
    Related source file is "C:/Users/Bob/Documents/xilinx/cpu208/pc_reg.vhd".
    Found 16-bit register for signal <pc_o>.
    Summary:
	inferred  16 D-type flip-flop(s).
Unit <pc_reg> synthesized.


Synthesizing Unit <pc_adder>.
    Related source file is "C:/Users/Bob/Documents/xilinx/cpu208/pc_adder.vhd".
    Found 16-bit adder for signal <pc_o>.
    Summary:
	inferred   1 Adder/Subtractor(s).
Unit <pc_adder> synthesized.


Synthesizing Unit <inst_mem>.
    Related source file is "C:/Users/Bob/Documents/xilinx/cpu208/inst_mem.vhd".
    Register <ram2_oe> equivalent to <ram2_en> has been removed
    Found 16-bit register for signal <inst_o>.
    Found 1-bit register for signal <ram2_en>.
    Found 16-bit register for signal <ram2_addr>.
    Summary:
	inferred  33 D-type flip-flop(s).
Unit <inst_mem> synthesized.


Synthesizing Unit <if_id>.
    Related source file is "C:/Users/Bob/Documents/xilinx/cpu208/if_id.vhd".
    Found 16-bit register for signal <id_pc>.
    Found 16-bit register for signal <id_inst>.
    Summary:
	inferred  32 D-type flip-flop(s).
Unit <if_id> synthesized.


Synthesizing Unit <registers>.
    Related source file is "C:/Users/Bob/Documents/xilinx/cpu208/registers.vhd".
    Found 16-bit register for signal <IH>.
    Found 16-bit register for signal <r0>.
    Found 16-bit register for signal <r1>.
    Found 16-bit register for signal <r2>.
    Found 16-bit register for signal <r3>.
    Found 16-bit register for signal <r4>.
    Found 16-bit register for signal <r5>.
    Found 16-bit register for signal <r6>.
    Found 16-bit register for signal <r7>.
    Found 16-bit register for signal <RA>.
    Found 4-bit comparator equal for signal <readData1$cmp_eq0000> created at line 89.
    Found 4-bit comparator equal for signal <readData2$cmp_eq0000> created at line 114.
    Found 16-bit register for signal <SP>.
    Found 16-bit register for signal <T>.
    Summary:
	inferred 192 D-type flip-flop(s).
	inferred   2 Comparator(s).
Unit <registers> synthesized.


Synthesizing Unit <controller>.
    Related source file is "C:/Users/Bob/Documents/xilinx/cpu208/controller.vhd".
WARNING:Xst:647 - Input <pc_i> is never used. This port will be preserved and left unconnected if it belongs to a top-level block or it belongs to a sub-block and the hierarchy of this sub-block is preserved.
WARNING:Xst:737 - Found 1-bit latch for signal <reg1_addr_o_0>. Latches may be generated from incomplete case or if statements. We do not recommend the use of latches in FPGA/CPLD designs, as they may lead to timing problems.
WARNING:Xst:737 - Found 1-bit latch for signal <reg1_addr_o_1>. Latches may be generated from incomplete case or if statements. We do not recommend the use of latches in FPGA/CPLD designs, as they may lead to timing problems.
WARNING:Xst:737 - Found 1-bit latch for signal <reg1_addr_o_2>. Latches may be generated from incomplete case or if statements. We do not recommend the use of latches in FPGA/CPLD designs, as they may lead to timing problems.
WARNING:Xst:737 - Found 1-bit latch for signal <reg2_addr_o_0>. Latches may be generated from incomplete case or if statements. We do not recommend the use of latches in FPGA/CPLD designs, as they may lead to timing problems.
WARNING:Xst:737 - Found 1-bit latch for signal <reg2_addr_o_1>. Latches may be generated from incomplete case or if statements. We do not recommend the use of latches in FPGA/CPLD designs, as they may lead to timing problems.
WARNING:Xst:737 - Found 1-bit latch for signal <reg2_addr_o_2>. Latches may be generated from incomplete case or if statements. We do not recommend the use of latches in FPGA/CPLD designs, as they may lead to timing problems.
WARNING:Xst:737 - Found 1-bit latch for signal <reg2_addr_o_3>. Latches may be generated from incomplete case or if statements. We do not recommend the use of latches in FPGA/CPLD designs, as they may lead to timing problems.
WARNING:Xst:737 - Found 2-bit latch for signal <b_src_o>. Latches may be generated from incomplete case or if statements. We do not recommend the use of latches in FPGA/CPLD designs, as they may lead to timing problems.
INFO:Xst:2371 - HDL ADVISOR - Logic functions respectively driving the data and gate enable inputs of this latch share common terms. This situation will potentially lead to setup/hold violations and, as a result, to simulation problems. This situation may come from an incomplete case statement (all selector values are not covered). You should carefully review if it was in your intentions to describe such a latch.
WARNING:Xst:737 - Found 1-bit latch for signal <reg_dst_0>. Latches may be generated from incomplete case or if statements. We do not recommend the use of latches in FPGA/CPLD designs, as they may lead to timing problems.
INFO:Xst:2371 - HDL ADVISOR - Logic functions respectively driving the data and gate enable inputs of this latch share common terms. This situation will potentially lead to setup/hold violations and, as a result, to simulation problems. This situation may come from an incomplete case statement (all selector values are not covered). You should carefully review if it was in your intentions to describe such a latch.
WARNING:Xst:737 - Found 1-bit latch for signal <reg_dst_1>. Latches may be generated from incomplete case or if statements. We do not recommend the use of latches in FPGA/CPLD designs, as they may lead to timing problems.
INFO:Xst:2371 - HDL ADVISOR - Logic functions respectively driving the data and gate enable inputs of this latch share common terms. This situation will potentially lead to setup/hold violations and, as a result, to simulation problems. This situation may come from an incomplete case statement (all selector values are not covered). You should carefully review if it was in your intentions to describe such a latch.
WARNING:Xst:737 - Found 1-bit latch for signal <reg_dst_2>. Latches may be generated from incomplete case or if statements. We do not recommend the use of latches in FPGA/CPLD designs, as they may lead to timing problems.
INFO:Xst:2371 - HDL ADVISOR - Logic functions respectively driving the data and gate enable inputs of this latch share common terms. This situation will potentially lead to setup/hold violations and, as a result, to simulation problems. This situation may come from an incomplete case statement (all selector values are not covered). You should carefully review if it was in your intentions to describe such a latch.
WARNING:Xst:737 - Found 4-bit latch for signal <extend_o>. Latches may be generated from incomplete case or if statements. We do not recommend the use of latches in FPGA/CPLD designs, as they may lead to timing problems.
INFO:Xst:2371 - HDL ADVISOR - Logic functions respectively driving the data and gate enable inputs of this latch share common terms. This situation will potentially lead to setup/hold violations and, as a result, to simulation problems. This situation may come from an incomplete case statement (all selector values are not covered). You should carefully review if it was in your intentions to describe such a latch.
WARNING:Xst:737 - Found 4-bit latch for signal <alu_op>. Latches may be generated from incomplete case or if statements. We do not recommend the use of latches in FPGA/CPLD designs, as they may lead to timing problems.
INFO:Xst:2371 - HDL ADVISOR - Logic functions respectively driving the data and gate enable inputs of this latch share common terms. This situation will potentially lead to setup/hold violations and, as a result, to simulation problems. This situation may come from an incomplete case statement (all selector values are not covered). You should carefully review if it was in your intentions to describe such a latch.
Unit <controller> synthesized.


Synthesizing Unit <extend>.
    Related source file is "C:/Users/Bob/Documents/xilinx/cpu208/extend.vhd".
WARNING:Xst:647 - Input <inst_i<15:11>> is never used. This port will be preserved and left unconnected if it belongs to a top-level block or it belongs to a sub-block and the hierarchy of this sub-block is preserved.
Unit <extend> synthesized.


Synthesizing Unit <src_mux>.
    Related source file is "C:/Users/Bob/Documents/xilinx/cpu208/src_mux.vhd".
    Found 16-bit 4-to-1 multiplexer for signal <a_o>.
    Found 16-bit 4-to-1 multiplexer for signal <b_o>.
    Summary:
	inferred  32 Multiplexer(s).
Unit <src_mux> synthesized.


Synthesizing Unit <id_ex>.
    Related source file is "C:/Users/Bob/Documents/xilinx/cpu208/id_ex.vhd".
    Found 4-bit register for signal <ex_reg_dst>.
    Found 16-bit register for signal <ex_rx>.
    Found 16-bit register for signal <ex_ry>.
    Found 1-bit register for signal <ex_reg_write>.
    Found 4-bit register for signal <ex_alu_op>.
    Found 1-bit register for signal <ex_mem_to_reg>.
    Summary:
	inferred  42 D-type flip-flop(s).
Unit <id_ex> synthesized.


Synthesizing Unit <alu>.
    Related source file is "C:/Users/Bob/Documents/xilinx/cpu208/alu.vhd".
WARNING:Xst:646 - Signal <t> is assigned but never used. This unconnected signal will be trimmed during the optimization process.
WARNING:Xst:646 - Signal <result0> is assigned but never used. This unconnected signal will be trimmed during the optimization process.
WARNING:Xst:737 - Found 1-bit latch for signal <C>. Latches may be generated from incomplete case or if statements. We do not recommend the use of latches in FPGA/CPLD designs, as they may lead to timing problems.
WARNING:Xst:737 - Found 1-bit latch for signal <O>. Latches may be generated from incomplete case or if statements. We do not recommend the use of latches in FPGA/CPLD designs, as they may lead to timing problems.
WARNING:Xst:737 - Found 1-bit latch for signal <S>. Latches may be generated from incomplete case or if statements. We do not recommend the use of latches in FPGA/CPLD designs, as they may lead to timing problems.
WARNING:Xst:737 - Found 1-bit latch for signal <Z>. Latches may be generated from incomplete case or if statements. We do not recommend the use of latches in FPGA/CPLD designs, as they may lead to timing problems.
    Found 17-bit adder for signal <result0$add0000> created at line 63.
    Found 17-bit subtractor for signal <result0$sub0000> created at line 88.
    Found 16-bit shifter rotate left for signal <result_o$shift0007> created at line 117.
    Found 16-bit shifter logical left for signal <result_o$shift0008> created at line 114.
    Found 16-bit shifter logical right for signal <result_o$shift0009> created at line 115.
    Found 16-bit shifter arithmetic right for signal <result_o$shift0010> created at line 116.
    Found 16-bit xor2 for signal <result_o$xor0000> created at line 112.
    Found 16-bit adder for signal <t$add0001> created at line 60.
    Found 16-bit subtractor for signal <t$sub0001> created at line 85.
    Summary:
	inferred   4 Adder/Subtractor(s).
	inferred   4 Combinational logic shifter(s).
Unit <alu> synthesized.


Synthesizing Unit <ex_mem>.
    Related source file is "C:/Users/Bob/Documents/xilinx/cpu208/ex_mem.vhd".
    Found 1-bit register for signal <mem_mem_to_reg>.
    Found 1-bit register for signal <mem_reg_write>.
    Found 4-bit register for signal <mem_reg_dst>.
    Found 16-bit register for signal <mem_result>.
    Summary:
	inferred  22 D-type flip-flop(s).
Unit <ex_mem> synthesized.


Synthesizing Unit <data_mem>.
    Related source file is "C:/Users/Bob/Documents/xilinx/cpu208/data_mem.vhd".
WARNING:Xst:1305 - Output <ram1_we> is never assigned. Tied to value 0.
WARNING:Xst:647 - Input <addr_i> is never used. This port will be preserved and left unconnected if it belongs to a top-level block or it belongs to a sub-block and the hierarchy of this sub-block is preserved.
WARNING:Xst:647 - Input <ram1_data> is never used. This port will be preserved and left unconnected if it belongs to a top-level block or it belongs to a sub-block and the hierarchy of this sub-block is preserved.
WARNING:Xst:1305 - Output <ram1_addr> is never assigned. Tied to value 0000000000000000.
WARNING:Xst:1305 - Output <ram1_en> is never assigned. Tied to value 0.
WARNING:Xst:1305 - Output <ram1_oe> is never assigned. Tied to value 0.
WARNING:Xst:647 - Input <mem_to_reg> is never used. This port will be preserved and left unconnected if it belongs to a top-level block or it belongs to a sub-block and the hierarchy of this sub-block is preserved.
    Found 16-bit register for signal <data_o>.
    Summary:
	inferred  16 D-type flip-flop(s).
Unit <data_mem> synthesized.


Synthesizing Unit <mem_wb>.
    Related source file is "C:/Users/Bob/Documents/xilinx/cpu208/mem_wb.vhd".
    Found 16-bit register for signal <wb_wdata>.
    Found 1-bit register for signal <wb_reg_write>.
    Found 4-bit register for signal <wb_reg_dst>.
    Summary:
	inferred  21 D-type flip-flop(s).
Unit <mem_wb> synthesized.


Synthesizing Unit <cpu>.
    Related source file is "C:/Users/Bob/Documents/xilinx/cpu208/cpu.vhd".
WARNING:Xst:646 - Signal <flag_o> is assigned but never used. This unconnected signal will be trimmed during the optimization process.
Unit <cpu> synthesized.


Synthesizing Unit <sopc>.
    Related source file is "C:/Users/Bob/Documents/xilinx/cpu208/sopc.vhd".
WARNING:Xst:646 - Signal <ram1_we> is assigned but never used. This unconnected signal will be trimmed during the optimization process.
WARNING:Xst:646 - Signal <ram1_oe> is assigned but never used. This unconnected signal will be trimmed during the optimization process.
WARNING:Xst:646 - Signal <ram1_en> is assigned but never used. This unconnected signal will be trimmed during the optimization process.
WARNING:Xst:653 - Signal <ram1_data> is used but never assigned. This sourceless signal will be automatically connected to value 0000000000000000.
WARNING:Xst:646 - Signal <ram1_addr> is assigned but never used. This unconnected signal will be trimmed during the optimization process.
Unit <sopc> synthesized.


=========================================================================
HDL Synthesis Report

Macro Statistics
# Adders/Subtractors                                   : 5
 16-bit adder                                          : 2
 16-bit subtractor                                     : 1
 17-bit adder                                          : 1
 17-bit subtractor                                     : 1
# Registers                                            : 32
 1-bit register                                        : 6
 16-bit register                                       : 22
 4-bit register                                        : 4
# Latches                                              : 18
 1-bit latch                                           : 14
 16-bit latch                                          : 1
 2-bit latch                                           : 1
 4-bit latch                                           : 2
# Comparators                                          : 2
 4-bit comparator equal                                : 2
# Multiplexers                                         : 2
 16-bit 4-to-1 multiplexer                             : 2
# Logic shifters                                       : 4
 16-bit shifter arithmetic right                       : 1
 16-bit shifter logical left                           : 1
 16-bit shifter logical right                          : 1
 16-bit shifter rotate left                            : 1
# Xors                                                 : 1
 16-bit xor2                                           : 1

=========================================================================

=========================================================================
*                       Advanced HDL Synthesis                          *
=========================================================================

WARNING:Xst:1290 - Hierarchical block <u1> is unconnected in block <sopc>.
   It will be removed from the design.
WARNING:Xst:1290 - Hierarchical block <u2> is unconnected in block <sopc>.
   It will be removed from the design.

=========================================================================
Advanced HDL Synthesis Report

Macro Statistics
# Adders/Subtractors                                   : 5
 16-bit adder                                          : 2
 16-bit subtractor                                     : 1
 17-bit adder                                          : 1
 17-bit subtractor                                     : 1
# Registers                                            : 374
 Flip-Flops                                            : 374
# Latches                                              : 18
 1-bit latch                                           : 14
 16-bit latch                                          : 1
 2-bit latch                                           : 1
 4-bit latch                                           : 2
# Comparators                                          : 2
 4-bit comparator equal                                : 2
# Multiplexers                                         : 2
 16-bit 4-to-1 multiplexer                             : 2
# Logic shifters                                       : 4
 16-bit shifter arithmetic right                       : 1
 16-bit shifter logical left                           : 1
 16-bit shifter logical right                          : 1
 16-bit shifter rotate left                            : 1
# Xors                                                 : 1
 16-bit xor2                                           : 1

=========================================================================

=========================================================================
*                         Low Level Synthesis                           *
=========================================================================
INFO:Xst:2261 - The FF/Latch <12> in Unit <LPM_LATCH_1> is equivalent to the following 6 FFs/Latches, which will be removed : <10> <6> <5> <4> <1> <0> 
INFO:Xst:2261 - The FF/Latch <15> in Unit <LPM_LATCH_1> is equivalent to the following 4 FFs/Latches, which will be removed : <13> <9> <7> <2> 
INFO:Xst:2261 - The FF/Latch <14> in Unit <LPM_LATCH_1> is equivalent to the following 3 FFs/Latches, which will be removed : <11> <8> <3> 
INFO:Xst:2261 - The FF/Latch <extend_o_0> in Unit <controller> is equivalent to the following FF/Latch, which will be removed : <extend_o_3> 
INFO:Xst:2261 - The FF/Latch <alu_op_2> in Unit <controller> is equivalent to the following FF/Latch, which will be removed : <alu_op_3> 
INFO:Xst:2261 - The FF/Latch <b_src_o_0> in Unit <controller> is equivalent to the following FF/Latch, which will be removed : <b_src_o_1> 
INFO:Xst:2261 - The FF/Latch <extend_o_1> in Unit <controller> is equivalent to the following FF/Latch, which will be removed : <extend_o_2> 
WARNING:Xst:1710 - FF/Latch <12> (without init value) has a constant value of 0 in block <LPM_LATCH_1>. This FF/Latch will be trimmed during the optimization process.
WARNING:Xst:1710 - FF/Latch <alu_op_2> (without init value) has a constant value of 0 in block <controller>. This FF/Latch will be trimmed during the optimization process.
WARNING:Xst:1710 - FF/Latch <extend_o_1> (without init value) has a constant value of 0 in block <controller>. This FF/Latch will be trimmed during the optimization process.
WARNING:Xst:2170 - Unit alu : the following signal(s) form a combinatorial loop: result_o_shift0006<15>.

Optimizing unit <sopc> ...

Optimizing unit <pc_reg> ...

Optimizing unit <inst_mem> ...

Optimizing unit <if_id> ...

Optimizing unit <registers> ...

Optimizing unit <id_ex> ...

Optimizing unit <alu> ...

Optimizing unit <ex_mem> ...

Optimizing unit <data_mem> ...

Optimizing unit <mem_wb> ...

Optimizing unit <controller> ...

Optimizing unit <cpu> ...
WARNING:Xst:2677 - Node <u2/ram2_data_14> of sequential type is unconnected in block <sopc>.
WARNING:Xst:2677 - Node <u2/ram2_data_15> of sequential type is unconnected in block <sopc>.
WARNING:Xst:2677 - Node <u1/u_controller/reg_dst_2> of sequential type is unconnected in block <sopc>.
WARNING:Xst:2677 - Node <u1/u_controller/reg_dst_1> of sequential type is unconnected in block <sopc>.
WARNING:Xst:2677 - Node <u1/u_controller/reg_dst_0> of sequential type is unconnected in block <sopc>.
WARNING:Xst:2677 - Node <u1/u_controller/reg2_addr_o_3> of sequential type is unconnected in block <sopc>.
WARNING:Xst:2677 - Node <u1/u_controller/reg2_addr_o_2> of sequential type is unconnected in block <sopc>.
WARNING:Xst:2677 - Node <u1/u_controller/reg2_addr_o_1> of sequential type is unconnected in block <sopc>.
WARNING:Xst:2677 - Node <u1/u_controller/reg2_addr_o_0> of sequential type is unconnected in block <sopc>.
WARNING:Xst:2677 - Node <u1/u_controller/reg1_addr_o_2> of sequential type is unconnected in block <sopc>.
WARNING:Xst:2677 - Node <u1/u_controller/reg1_addr_o_1> of sequential type is unconnected in block <sopc>.
WARNING:Xst:2677 - Node <u1/u_controller/reg1_addr_o_0> of sequential type is unconnected in block <sopc>.
WARNING:Xst:2677 - Node <u1/u_controller/alu_op_0> of sequential type is unconnected in block <sopc>.
WARNING:Xst:2677 - Node <u1/u_controller/alu_op_1> of sequential type is unconnected in block <sopc>.
WARNING:Xst:2677 - Node <u1/u_controller/extend_o_0> of sequential type is unconnected in block <sopc>.
WARNING:Xst:2677 - Node <u1/u_controller/b_src_o_0> of sequential type is unconnected in block <sopc>.
WARNING:Xst:2677 - Node <u1/u_mem_wb/wb_wdata_0> of sequential type is unconnected in block <sopc>.
WARNING:Xst:2677 - Node <u1/u_mem_wb/wb_wdata_1> of sequential type is unconnected in block <sopc>.
WARNING:Xst:2677 - Node <u1/u_mem_wb/wb_wdata_2> of sequential type is unconnected in block <sopc>.
WARNING:Xst:2677 - Node <u1/u_mem_wb/wb_wdata_3> of sequential type is unconnected in block <sopc>.
WARNING:Xst:2677 - Node <u1/u_mem_wb/wb_wdata_4> of sequential type is unconnected in block <sopc>.
WARNING:Xst:2677 - Node <u1/u_mem_wb/wb_wdata_5> of sequential type is unconnected in block <sopc>.
WARNING:Xst:2677 - Node <u1/u_mem_wb/wb_wdata_6> of sequential type is unconnected in block <sopc>.
WARNING:Xst:2677 - Node <u1/u_mem_wb/wb_wdata_7> of sequential type is unconnected in block <sopc>.
WARNING:Xst:2677 - Node <u1/u_mem_wb/wb_wdata_8> of sequential type is unconnected in block <sopc>.
WARNING:Xst:2677 - Node <u1/u_mem_wb/wb_wdata_9> of sequential type is unconnected in block <sopc>.
WARNING:Xst:2677 - Node <u1/u_mem_wb/wb_wdata_10> of sequential type is unconnected in block <sopc>.
WARNING:Xst:2677 - Node <u1/u_mem_wb/wb_wdata_11> of sequential type is unconnected in block <sopc>.
WARNING:Xst:2677 - Node <u1/u_mem_wb/wb_wdata_12> of sequential type is unconnected in block <sopc>.
WARNING:Xst:2677 - Node <u1/u_mem_wb/wb_wdata_13> of sequential type is unconnected in block <sopc>.
WARNING:Xst:2677 - Node <u1/u_mem_wb/wb_wdata_14> of sequential type is unconnected in block <sopc>.
WARNING:Xst:2677 - Node <u1/u_mem_wb/wb_wdata_15> of sequential type is unconnected in block <sopc>.
WARNING:Xst:2677 - Node <u1/u_mem_wb/wb_reg_write> of sequential type is unconnected in block <sopc>.
WARNING:Xst:2677 - Node <u1/u_mem_wb/wb_reg_dst_0> of sequential type is unconnected in block <sopc>.
WARNING:Xst:2677 - Node <u1/u_mem_wb/wb_reg_dst_1> of sequential type is unconnected in block <sopc>.
WARNING:Xst:2677 - Node <u1/u_mem_wb/wb_reg_dst_2> of sequential type is unconnected in block <sopc>.
WARNING:Xst:2677 - Node <u1/u_mem_wb/wb_reg_dst_3> of sequential type is unconnected in block <sopc>.
WARNING:Xst:2677 - Node <u1/u_data_mem/data_o_0> of sequential type is unconnected in block <sopc>.
WARNING:Xst:2677 - Node <u1/u_data_mem/data_o_1> of sequential type is unconnected in block <sopc>.
WARNING:Xst:2677 - Node <u1/u_data_mem/data_o_2> of sequential type is unconnected in block <sopc>.
WARNING:Xst:2677 - Node <u1/u_data_mem/data_o_3> of sequential type is unconnected in block <sopc>.
WARNING:Xst:2677 - Node <u1/u_data_mem/data_o_4> of sequential type is unconnected in block <sopc>.
WARNING:Xst:2677 - Node <u1/u_data_mem/data_o_5> of sequential type is unconnected in block <sopc>.
WARNING:Xst:2677 - Node <u1/u_data_mem/data_o_6> of sequential type is unconnected in block <sopc>.
WARNING:Xst:2677 - Node <u1/u_data_mem/data_o_7> of sequential type is unconnected in block <sopc>.
WARNING:Xst:2677 - Node <u1/u_data_mem/data_o_8> of sequential type is unconnected in block <sopc>.
WARNING:Xst:2677 - Node <u1/u_data_mem/data_o_9> of sequential type is unconnected in block <sopc>.
WARNING:Xst:2677 - Node <u1/u_data_mem/data_o_10> of sequential type is unconnected in block <sopc>.
WARNING:Xst:2677 - Node <u1/u_data_mem/data_o_11> of sequential type is unconnected in block <sopc>.
WARNING:Xst:2677 - Node <u1/u_data_mem/data_o_12> of sequential type is unconnected in block <sopc>.
WARNING:Xst:2677 - Node <u1/u_data_mem/data_o_13> of sequential type is unconnected in block <sopc>.
WARNING:Xst:2677 - Node <u1/u_data_mem/data_o_14> of sequential type is unconnected in block <sopc>.
WARNING:Xst:2677 - Node <u1/u_data_mem/data_o_15> of sequential type is unconnected in block <sopc>.
WARNING:Xst:2677 - Node <u1/u_ex_mem/mem_result_0> of sequential type is unconnected in block <sopc>.
WARNING:Xst:2677 - Node <u1/u_ex_mem/mem_result_1> of sequential type is unconnected in block <sopc>.
WARNING:Xst:2677 - Node <u1/u_ex_mem/mem_result_2> of sequential type is unconnected in block <sopc>.
WARNING:Xst:2677 - Node <u1/u_ex_mem/mem_result_3> of sequential type is unconnected in block <sopc>.
WARNING:Xst:2677 - Node <u1/u_ex_mem/mem_result_4> of sequential type is unconnected in block <sopc>.
WARNING:Xst:2677 - Node <u1/u_ex_mem/mem_result_5> of sequential type is unconnected in block <sopc>.
WARNING:Xst:2677 - Node <u1/u_ex_mem/mem_result_6> of sequential type is unconnected in block <sopc>.
WARNING:Xst:2677 - Node <u1/u_ex_mem/mem_result_7> of sequential type is unconnected in block <sopc>.
WARNING:Xst:2677 - Node <u1/u_ex_mem/mem_result_8> of sequential type is unconnected in block <sopc>.
WARNING:Xst:2677 - Node <u1/u_ex_mem/mem_result_9> of sequential type is unconnected in block <sopc>.
WARNING:Xst:2677 - Node <u1/u_ex_mem/mem_result_10> of sequential type is unconnected in block <sopc>.
WARNING:Xst:2677 - Node <u1/u_ex_mem/mem_result_11> of sequential type is unconnected in block <sopc>.
WARNING:Xst:2677 - Node <u1/u_ex_mem/mem_result_12> of sequential type is unconnected in block <sopc>.
WARNING:Xst:2677 - Node <u1/u_ex_mem/mem_result_13> of sequential type is unconnected in block <sopc>.
WARNING:Xst:2677 - Node <u1/u_ex_mem/mem_result_14> of sequential type is unconnected in block <sopc>.
WARNING:Xst:2677 - Node <u1/u_ex_mem/mem_result_15> of sequential type is unconnected in block <sopc>.
WARNING:Xst:2677 - Node <u1/u_ex_mem/mem_reg_dst_0> of sequential type is unconnected in block <sopc>.
WARNING:Xst:2677 - Node <u1/u_ex_mem/mem_reg_dst_1> of sequential type is unconnected in block <sopc>.
WARNING:Xst:2677 - Node <u1/u_ex_mem/mem_reg_dst_2> of sequential type is unconnected in block <sopc>.
WARNING:Xst:2677 - Node <u1/u_ex_mem/mem_reg_dst_3> of sequential type is unconnected in block <sopc>.
WARNING:Xst:2677 - Node <u1/u_ex_mem/mem_reg_write> of sequential type is unconnected in block <sopc>.
WARNING:Xst:2677 - Node <u1/u_ex_mem/mem_mem_to_reg> of sequential type is unconnected in block <sopc>.
WARNING:Xst:2677 - Node <u1/u_alu/Z> of sequential type is unconnected in block <sopc>.
WARNING:Xst:2677 - Node <u1/u_alu/S> of sequential type is unconnected in block <sopc>.
WARNING:Xst:2677 - Node <u1/u_alu/O> of sequential type is unconnected in block <sopc>.
WARNING:Xst:2677 - Node <u1/u_alu/C> of sequential type is unconnected in block <sopc>.
WARNING:Xst:2677 - Node <u1/u_id_ex/ex_rx_0> of sequential type is unconnected in block <sopc>.
WARNING:Xst:2677 - Node <u1/u_id_ex/ex_rx_1> of sequential type is unconnected in block <sopc>.
WARNING:Xst:2677 - Node <u1/u_id_ex/ex_rx_2> of sequential type is unconnected in block <sopc>.
WARNING:Xst:2677 - Node <u1/u_id_ex/ex_rx_3> of sequential type is unconnected in block <sopc>.
WARNING:Xst:2677 - Node <u1/u_id_ex/ex_rx_4> of sequential type is unconnected in block <sopc>.
WARNING:Xst:2677 - Node <u1/u_id_ex/ex_rx_5> of sequential type is unconnected in block <sopc>.
WARNING:Xst:2677 - Node <u1/u_id_ex/ex_rx_6> of sequential type is unconnected in block <sopc>.
WARNING:Xst:2677 - Node <u1/u_id_ex/ex_rx_7> of sequential type is unconnected in block <sopc>.
WARNING:Xst:2677 - Node <u1/u_id_ex/ex_rx_8> of sequential type is unconnected in block <sopc>.
WARNING:Xst:2677 - Node <u1/u_id_ex/ex_rx_9> of sequential type is unconnected in block <sopc>.
WARNING:Xst:2677 - Node <u1/u_id_ex/ex_rx_10> of sequential type is unconnected in block <sopc>.
WARNING:Xst:2677 - Node <u1/u_id_ex/ex_rx_11> of sequential type is unconnected in block <sopc>.
WARNING:Xst:2677 - Node <u1/u_id_ex/ex_rx_12> of sequential type is unconnected in block <sopc>.
WARNING:Xst:2677 - Node <u1/u_id_ex/ex_rx_13> of sequential type is unconnected in block <sopc>.
WARNING:Xst:2677 - Node <u1/u_id_ex/ex_rx_14> of sequential type is unconnected in block <sopc>.
WARNING:Xst:2677 - Node <u1/u_id_ex/ex_rx_15> of sequential type is unconnected in block <sopc>.
WARNING:Xst:2677 - Node <u1/u_id_ex/ex_alu_op_0> of sequential type is unconnected in block <sopc>.
WARNING:Xst:2677 - Node <u1/u_id_ex/ex_alu_op_1> of sequential type is unconnected in block <sopc>.
WARNING:Xst:2677 - Node <u1/u_id_ex/ex_alu_op_2> of sequential type is unconnected in block <sopc>.
WARNING:Xst:2677 - Node <u1/u_id_ex/ex_alu_op_3> of sequential type is unconnected in block <sopc>.
WARNING:Xst:2677 - Node <u1/u_id_ex/ex_mem_to_reg> of sequential type is unconnected in block <sopc>.
WARNING:Xst:2677 - Node <u1/u_id_ex/ex_reg_dst_0> of sequential type is unconnected in block <sopc>.
WARNING:Xst:2677 - Node <u1/u_id_ex/ex_reg_dst_1> of sequential type is unconnected in block <sopc>.
WARNING:Xst:2677 - Node <u1/u_id_ex/ex_reg_dst_2> of sequential type is unconnected in block <sopc>.
WARNING:Xst:2677 - Node <u1/u_id_ex/ex_reg_dst_3> of sequential type is unconnected in block <sopc>.
WARNING:Xst:2677 - Node <u1/u_id_ex/ex_ry_0> of sequential type is unconnected in block <sopc>.
WARNING:Xst:2677 - Node <u1/u_id_ex/ex_ry_1> of sequential type is unconnected in block <sopc>.
WARNING:Xst:2677 - Node <u1/u_id_ex/ex_ry_2> of sequential type is unconnected in block <sopc>.
WARNING:Xst:2677 - Node <u1/u_id_ex/ex_ry_3> of sequential type is unconnected in block <sopc>.
WARNING:Xst:2677 - Node <u1/u_id_ex/ex_ry_4> of sequential type is unconnected in block <sopc>.
WARNING:Xst:2677 - Node <u1/u_id_ex/ex_ry_5> of sequential type is unconnected in block <sopc>.
WARNING:Xst:2677 - Node <u1/u_id_ex/ex_ry_6> of sequential type is unconnected in block <sopc>.
WARNING:Xst:2677 - Node <u1/u_id_ex/ex_ry_7> of sequential type is unconnected in block <sopc>.
WARNING:Xst:2677 - Node <u1/u_id_ex/ex_ry_8> of sequential type is unconnected in block <sopc>.
WARNING:Xst:2677 - Node <u1/u_id_ex/ex_ry_9> of sequential type is unconnected in block <sopc>.
WARNING:Xst:2677 - Node <u1/u_id_ex/ex_ry_10> of sequential type is unconnected in block <sopc>.
WARNING:Xst:2677 - Node <u1/u_id_ex/ex_ry_11> of sequential type is unconnected in block <sopc>.
WARNING:Xst:2677 - Node <u1/u_id_ex/ex_ry_12> of sequential type is unconnected in block <sopc>.
WARNING:Xst:2677 - Node <u1/u_id_ex/ex_ry_13> of sequential type is unconnected in block <sopc>.
WARNING:Xst:2677 - Node <u1/u_id_ex/ex_ry_14> of sequential type is unconnected in block <sopc>.
WARNING:Xst:2677 - Node <u1/u_id_ex/ex_ry_15> of sequential type is unconnected in block <sopc>.
WARNING:Xst:2677 - Node <u1/u_id_ex/ex_reg_write> of sequential type is unconnected in block <sopc>.
WARNING:Xst:2677 - Node <u1/u_registers/r0_0> of sequential type is unconnected in block <sopc>.
WARNING:Xst:2677 - Node <u1/u_registers/r0_1> of sequential type is unconnected in block <sopc>.
WARNING:Xst:2677 - Node <u1/u_registers/r0_2> of sequential type is unconnected in block <sopc>.
WARNING:Xst:2677 - Node <u1/u_registers/r0_3> of sequential type is unconnected in block <sopc>.
WARNING:Xst:2677 - Node <u1/u_registers/r0_4> of sequential type is unconnected in block <sopc>.
WARNING:Xst:2677 - Node <u1/u_registers/r0_5> of sequential type is unconnected in block <sopc>.
WARNING:Xst:2677 - Node <u1/u_registers/r0_6> of sequential type is unconnected in block <sopc>.
WARNING:Xst:2677 - Node <u1/u_registers/r0_7> of sequential type is unconnected in block <sopc>.
WARNING:Xst:2677 - Node <u1/u_registers/r0_8> of sequential type is unconnected in block <sopc>.
WARNING:Xst:2677 - Node <u1/u_registers/r0_9> of sequential type is unconnected in block <sopc>.
WARNING:Xst:2677 - Node <u1/u_registers/r0_10> of sequential type is unconnected in block <sopc>.
WARNING:Xst:2677 - Node <u1/u_registers/r0_11> of sequential type is unconnected in block <sopc>.
WARNING:Xst:2677 - Node <u1/u_registers/r0_12> of sequential type is unconnected in block <sopc>.
WARNING:Xst:2677 - Node <u1/u_registers/r0_13> of sequential type is unconnected in block <sopc>.
WARNING:Xst:2677 - Node <u1/u_registers/r0_14> of sequential type is unconnected in block <sopc>.
WARNING:Xst:2677 - Node <u1/u_registers/r0_15> of sequential type is unconnected in block <sopc>.
WARNING:Xst:2677 - Node <u1/u_registers/r1_0> of sequential type is unconnected in block <sopc>.
WARNING:Xst:2677 - Node <u1/u_registers/r1_1> of sequential type is unconnected in block <sopc>.
WARNING:Xst:2677 - Node <u1/u_registers/r1_2> of sequential type is unconnected in block <sopc>.
WARNING:Xst:2677 - Node <u1/u_registers/r1_3> of sequential type is unconnected in block <sopc>.
WARNING:Xst:2677 - Node <u1/u_registers/r1_4> of sequential type is unconnected in block <sopc>.
WARNING:Xst:2677 - Node <u1/u_registers/r1_5> of sequential type is unconnected in block <sopc>.
WARNING:Xst:2677 - Node <u1/u_registers/r1_6> of sequential type is unconnected in block <sopc>.
WARNING:Xst:2677 - Node <u1/u_registers/r1_7> of sequential type is unconnected in block <sopc>.
WARNING:Xst:2677 - Node <u1/u_registers/r1_8> of sequential type is unconnected in block <sopc>.
WARNING:Xst:2677 - Node <u1/u_registers/r1_9> of sequential type is unconnected in block <sopc>.
WARNING:Xst:2677 - Node <u1/u_registers/r1_10> of sequential type is unconnected in block <sopc>.
WARNING:Xst:2677 - Node <u1/u_registers/r1_11> of sequential type is unconnected in block <sopc>.
WARNING:Xst:2677 - Node <u1/u_registers/r1_12> of sequential type is unconnected in block <sopc>.
WARNING:Xst:2677 - Node <u1/u_registers/r1_13> of sequential type is unconnected in block <sopc>.
WARNING:Xst:2677 - Node <u1/u_registers/r1_14> of sequential type is unconnected in block <sopc>.
WARNING:Xst:2677 - Node <u1/u_registers/r1_15> of sequential type is unconnected in block <sopc>.
WARNING:Xst:2677 - Node <u1/u_registers/r2_0> of sequential type is unconnected in block <sopc>.
WARNING:Xst:2677 - Node <u1/u_registers/r2_1> of sequential type is unconnected in block <sopc>.
WARNING:Xst:2677 - Node <u1/u_registers/r2_2> of sequential type is unconnected in block <sopc>.
WARNING:Xst:2677 - Node <u1/u_registers/r2_3> of sequential type is unconnected in block <sopc>.
WARNING:Xst:2677 - Node <u1/u_registers/r2_4> of sequential type is unconnected in block <sopc>.
WARNING:Xst:2677 - Node <u1/u_registers/r2_5> of sequential type is unconnected in block <sopc>.
WARNING:Xst:2677 - Node <u1/u_registers/r2_6> of sequential type is unconnected in block <sopc>.
WARNING:Xst:2677 - Node <u1/u_registers/r2_7> of sequential type is unconnected in block <sopc>.
WARNING:Xst:2677 - Node <u1/u_registers/r2_8> of sequential type is unconnected in block <sopc>.
WARNING:Xst:2677 - Node <u1/u_registers/r2_9> of sequential type is unconnected in block <sopc>.
WARNING:Xst:2677 - Node <u1/u_registers/r2_10> of sequential type is unconnected in block <sopc>.
WARNING:Xst:2677 - Node <u1/u_registers/r2_11> of sequential type is unconnected in block <sopc>.
WARNING:Xst:2677 - Node <u1/u_registers/r2_12> of sequential type is unconnected in block <sopc>.
WARNING:Xst:2677 - Node <u1/u_registers/r2_13> of sequential type is unconnected in block <sopc>.
WARNING:Xst:2677 - Node <u1/u_registers/r2_14> of sequential type is unconnected in block <sopc>.
WARNING:Xst:2677 - Node <u1/u_registers/r2_15> of sequential type is unconnected in block <sopc>.
WARNING:Xst:2677 - Node <u1/u_registers/r3_0> of sequential type is unconnected in block <sopc>.
WARNING:Xst:2677 - Node <u1/u_registers/r3_1> of sequential type is unconnected in block <sopc>.
WARNING:Xst:2677 - Node <u1/u_registers/r3_2> of sequential type is unconnected in block <sopc>.
WARNING:Xst:2677 - Node <u1/u_registers/r3_3> of sequential type is unconnected in block <sopc>.
WARNING:Xst:2677 - Node <u1/u_registers/r3_4> of sequential type is unconnected in block <sopc>.
WARNING:Xst:2677 - Node <u1/u_registers/r3_5> of sequential type is unconnected in block <sopc>.
WARNING:Xst:2677 - Node <u1/u_registers/r3_6> of sequential type is unconnected in block <sopc>.
WARNING:Xst:2677 - Node <u1/u_registers/r3_7> of sequential type is unconnected in block <sopc>.
WARNING:Xst:2677 - Node <u1/u_registers/r3_8> of sequential type is unconnected in block <sopc>.
WARNING:Xst:2677 - Node <u1/u_registers/r3_9> of sequential type is unconnected in block <sopc>.
WARNING:Xst:2677 - Node <u1/u_registers/r3_10> of sequential type is unconnected in block <sopc>.
WARNING:Xst:2677 - Node <u1/u_registers/r3_11> of sequential type is unconnected in block <sopc>.
WARNING:Xst:2677 - Node <u1/u_registers/r3_12> of sequential type is unconnected in block <sopc>.
WARNING:Xst:2677 - Node <u1/u_registers/r3_13> of sequential type is unconnected in block <sopc>.
WARNING:Xst:2677 - Node <u1/u_registers/r3_14> of sequential type is unconnected in block <sopc>.
WARNING:Xst:2677 - Node <u1/u_registers/r3_15> of sequential type is unconnected in block <sopc>.
WARNING:Xst:2677 - Node <u1/u_registers/r6_0> of sequential type is unconnected in block <sopc>.
WARNING:Xst:2677 - Node <u1/u_registers/r6_1> of sequential type is unconnected in block <sopc>.
WARNING:Xst:2677 - Node <u1/u_registers/r6_2> of sequential type is unconnected in block <sopc>.
WARNING:Xst:2677 - Node <u1/u_registers/r6_3> of sequential type is unconnected in block <sopc>.
WARNING:Xst:2677 - Node <u1/u_registers/r6_4> of sequential type is unconnected in block <sopc>.
WARNING:Xst:2677 - Node <u1/u_registers/r6_5> of sequential type is unconnected in block <sopc>.
WARNING:Xst:2677 - Node <u1/u_registers/r6_6> of sequential type is unconnected in block <sopc>.
WARNING:Xst:2677 - Node <u1/u_registers/r6_7> of sequential type is unconnected in block <sopc>.
WARNING:Xst:2677 - Node <u1/u_registers/r6_8> of sequential type is unconnected in block <sopc>.
WARNING:Xst:2677 - Node <u1/u_registers/r6_9> of sequential type is unconnected in block <sopc>.
WARNING:Xst:2677 - Node <u1/u_registers/r6_10> of sequential type is unconnected in block <sopc>.
WARNING:Xst:2677 - Node <u1/u_registers/r6_11> of sequential type is unconnected in block <sopc>.
WARNING:Xst:2677 - Node <u1/u_registers/r6_12> of sequential type is unconnected in block <sopc>.
WARNING:Xst:2677 - Node <u1/u_registers/r6_13> of sequential type is unconnected in block <sopc>.
WARNING:Xst:2677 - Node <u1/u_registers/r6_14> of sequential type is unconnected in block <sopc>.
WARNING:Xst:2677 - Node <u1/u_registers/r6_15> of sequential type is unconnected in block <sopc>.
WARNING:Xst:2677 - Node <u1/u_registers/r4_0> of sequential type is unconnected in block <sopc>.
WARNING:Xst:2677 - Node <u1/u_registers/r4_1> of sequential type is unconnected in block <sopc>.
WARNING:Xst:2677 - Node <u1/u_registers/r4_2> of sequential type is unconnected in block <sopc>.
WARNING:Xst:2677 - Node <u1/u_registers/r4_3> of sequential type is unconnected in block <sopc>.
WARNING:Xst:2677 - Node <u1/u_registers/r4_4> of sequential type is unconnected in block <sopc>.
WARNING:Xst:2677 - Node <u1/u_registers/r4_5> of sequential type is unconnected in block <sopc>.
WARNING:Xst:2677 - Node <u1/u_registers/r4_6> of sequential type is unconnected in block <sopc>.
WARNING:Xst:2677 - Node <u1/u_registers/r4_7> of sequential type is unconnected in block <sopc>.
WARNING:Xst:2677 - Node <u1/u_registers/r4_8> of sequential type is unconnected in block <sopc>.
WARNING:Xst:2677 - Node <u1/u_registers/r4_9> of sequential type is unconnected in block <sopc>.
WARNING:Xst:2677 - Node <u1/u_registers/r4_10> of sequential type is unconnected in block <sopc>.
WARNING:Xst:2677 - Node <u1/u_registers/r4_11> of sequential type is unconnected in block <sopc>.
WARNING:Xst:2677 - Node <u1/u_registers/r4_12> of sequential type is unconnected in block <sopc>.
WARNING:Xst:2677 - Node <u1/u_registers/r4_13> of sequential type is unconnected in block <sopc>.
WARNING:Xst:2677 - Node <u1/u_registers/r4_14> of sequential type is unconnected in block <sopc>.
WARNING:Xst:2677 - Node <u1/u_registers/r4_15> of sequential type is unconnected in block <sopc>.
WARNING:Xst:2677 - Node <u1/u_registers/r5_0> of sequential type is unconnected in block <sopc>.
WARNING:Xst:2677 - Node <u1/u_registers/r5_1> of sequential type is unconnected in block <sopc>.
WARNING:Xst:2677 - Node <u1/u_registers/r5_2> of sequential type is unconnected in block <sopc>.
WARNING:Xst:2677 - Node <u1/u_registers/r5_3> of sequential type is unconnected in block <sopc>.
WARNING:Xst:2677 - Node <u1/u_registers/r5_4> of sequential type is unconnected in block <sopc>.
WARNING:Xst:2677 - Node <u1/u_registers/r5_5> of sequential type is unconnected in block <sopc>.
WARNING:Xst:2677 - Node <u1/u_registers/r5_6> of sequential type is unconnected in block <sopc>.
WARNING:Xst:2677 - Node <u1/u_registers/r5_7> of sequential type is unconnected in block <sopc>.
WARNING:Xst:2677 - Node <u1/u_registers/r5_8> of sequential type is unconnected in block <sopc>.
WARNING:Xst:2677 - Node <u1/u_registers/r5_9> of sequential type is unconnected in block <sopc>.
WARNING:Xst:2677 - Node <u1/u_registers/r5_10> of sequential type is unconnected in block <sopc>.
WARNING:Xst:2677 - Node <u1/u_registers/r5_11> of sequential type is unconnected in block <sopc>.
WARNING:Xst:2677 - Node <u1/u_registers/r5_12> of sequential type is unconnected in block <sopc>.
WARNING:Xst:2677 - Node <u1/u_registers/r5_13> of sequential type is unconnected in block <sopc>.
WARNING:Xst:2677 - Node <u1/u_registers/r5_14> of sequential type is unconnected in block <sopc>.
WARNING:Xst:2677 - Node <u1/u_registers/r5_15> of sequential type is unconnected in block <sopc>.
WARNING:Xst:2677 - Node <u1/u_registers/r7_0> of sequential type is unconnected in block <sopc>.
WARNING:Xst:2677 - Node <u1/u_registers/r7_1> of sequential type is unconnected in block <sopc>.
WARNING:Xst:2677 - Node <u1/u_registers/r7_2> of sequential type is unconnected in block <sopc>.
WARNING:Xst:2677 - Node <u1/u_registers/r7_3> of sequential type is unconnected in block <sopc>.
WARNING:Xst:2677 - Node <u1/u_registers/r7_4> of sequential type is unconnected in block <sopc>.
WARNING:Xst:2677 - Node <u1/u_registers/r7_5> of sequential type is unconnected in block <sopc>.
WARNING:Xst:2677 - Node <u1/u_registers/r7_6> of sequential type is unconnected in block <sopc>.
WARNING:Xst:2677 - Node <u1/u_registers/r7_7> of sequential type is unconnected in block <sopc>.
WARNING:Xst:2677 - Node <u1/u_registers/r7_8> of sequential type is unconnected in block <sopc>.
WARNING:Xst:2677 - Node <u1/u_registers/r7_9> of sequential type is unconnected in block <sopc>.
WARNING:Xst:2677 - Node <u1/u_registers/r7_10> of sequential type is unconnected in block <sopc>.
WARNING:Xst:2677 - Node <u1/u_registers/r7_11> of sequential type is unconnected in block <sopc>.
WARNING:Xst:2677 - Node <u1/u_registers/r7_12> of sequential type is unconnected in block <sopc>.
WARNING:Xst:2677 - Node <u1/u_registers/r7_13> of sequential type is unconnected in block <sopc>.
WARNING:Xst:2677 - Node <u1/u_registers/r7_14> of sequential type is unconnected in block <sopc>.
WARNING:Xst:2677 - Node <u1/u_registers/r7_15> of sequential type is unconnected in block <sopc>.
WARNING:Xst:2677 - Node <u1/u_registers/IH_0> of sequential type is unconnected in block <sopc>.
WARNING:Xst:2677 - Node <u1/u_registers/IH_1> of sequential type is unconnected in block <sopc>.
WARNING:Xst:2677 - Node <u1/u_registers/IH_2> of sequential type is unconnected in block <sopc>.
WARNING:Xst:2677 - Node <u1/u_registers/IH_3> of sequential type is unconnected in block <sopc>.
WARNING:Xst:2677 - Node <u1/u_registers/IH_4> of sequential type is unconnected in block <sopc>.
WARNING:Xst:2677 - Node <u1/u_registers/IH_5> of sequential type is unconnected in block <sopc>.
WARNING:Xst:2677 - Node <u1/u_registers/IH_6> of sequential type is unconnected in block <sopc>.
WARNING:Xst:2677 - Node <u1/u_registers/IH_7> of sequential type is unconnected in block <sopc>.
WARNING:Xst:2677 - Node <u1/u_registers/IH_8> of sequential type is unconnected in block <sopc>.
WARNING:Xst:2677 - Node <u1/u_registers/IH_9> of sequential type is unconnected in block <sopc>.
WARNING:Xst:2677 - Node <u1/u_registers/IH_10> of sequential type is unconnected in block <sopc>.
WARNING:Xst:2677 - Node <u1/u_registers/IH_11> of sequential type is unconnected in block <sopc>.
WARNING:Xst:2677 - Node <u1/u_registers/IH_12> of sequential type is unconnected in block <sopc>.
WARNING:Xst:2677 - Node <u1/u_registers/IH_13> of sequential type is unconnected in block <sopc>.
WARNING:Xst:2677 - Node <u1/u_registers/IH_14> of sequential type is unconnected in block <sopc>.
WARNING:Xst:2677 - Node <u1/u_registers/IH_15> of sequential type is unconnected in block <sopc>.
WARNING:Xst:2677 - Node <u1/u_registers/T_0> of sequential type is unconnected in block <sopc>.
WARNING:Xst:2677 - Node <u1/u_registers/T_1> of sequential type is unconnected in block <sopc>.
WARNING:Xst:2677 - Node <u1/u_registers/T_2> of sequential type is unconnected in block <sopc>.
WARNING:Xst:2677 - Node <u1/u_registers/T_3> of sequential type is unconnected in block <sopc>.
WARNING:Xst:2677 - Node <u1/u_registers/T_4> of sequential type is unconnected in block <sopc>.
WARNING:Xst:2677 - Node <u1/u_registers/T_5> of sequential type is unconnected in block <sopc>.
WARNING:Xst:2677 - Node <u1/u_registers/T_6> of sequential type is unconnected in block <sopc>.
WARNING:Xst:2677 - Node <u1/u_registers/T_7> of sequential type is unconnected in block <sopc>.
WARNING:Xst:2677 - Node <u1/u_registers/T_8> of sequential type is unconnected in block <sopc>.
WARNING:Xst:2677 - Node <u1/u_registers/T_9> of sequential type is unconnected in block <sopc>.
WARNING:Xst:2677 - Node <u1/u_registers/T_10> of sequential type is unconnected in block <sopc>.
WARNING:Xst:2677 - Node <u1/u_registers/T_11> of sequential type is unconnected in block <sopc>.
WARNING:Xst:2677 - Node <u1/u_registers/T_12> of sequential type is unconnected in block <sopc>.
WARNING:Xst:2677 - Node <u1/u_registers/T_13> of sequential type is unconnected in block <sopc>.
WARNING:Xst:2677 - Node <u1/u_registers/T_14> of sequential type is unconnected in block <sopc>.
WARNING:Xst:2677 - Node <u1/u_registers/T_15> of sequential type is unconnected in block <sopc>.
WARNING:Xst:2677 - Node <u1/u_registers/RA_0> of sequential type is unconnected in block <sopc>.
WARNING:Xst:2677 - Node <u1/u_registers/RA_1> of sequential type is unconnected in block <sopc>.
WARNING:Xst:2677 - Node <u1/u_registers/RA_2> of sequential type is unconnected in block <sopc>.
WARNING:Xst:2677 - Node <u1/u_registers/RA_3> of sequential type is unconnected in block <sopc>.
WARNING:Xst:2677 - Node <u1/u_registers/RA_4> of sequential type is unconnected in block <sopc>.
WARNING:Xst:2677 - Node <u1/u_registers/RA_5> of sequential type is unconnected in block <sopc>.
WARNING:Xst:2677 - Node <u1/u_registers/RA_6> of sequential type is unconnected in block <sopc>.
WARNING:Xst:2677 - Node <u1/u_registers/RA_7> of sequential type is unconnected in block <sopc>.
WARNING:Xst:2677 - Node <u1/u_registers/RA_8> of sequential type is unconnected in block <sopc>.
WARNING:Xst:2677 - Node <u1/u_registers/RA_9> of sequential type is unconnected in block <sopc>.
WARNING:Xst:2677 - Node <u1/u_registers/RA_10> of sequential type is unconnected in block <sopc>.
WARNING:Xst:2677 - Node <u1/u_registers/RA_11> of sequential type is unconnected in block <sopc>.
WARNING:Xst:2677 - Node <u1/u_registers/RA_12> of sequential type is unconnected in block <sopc>.
WARNING:Xst:2677 - Node <u1/u_registers/RA_13> of sequential type is unconnected in block <sopc>.
WARNING:Xst:2677 - Node <u1/u_registers/RA_14> of sequential type is unconnected in block <sopc>.
WARNING:Xst:2677 - Node <u1/u_registers/RA_15> of sequential type is unconnected in block <sopc>.
WARNING:Xst:2677 - Node <u1/u_registers/SP_0> of sequential type is unconnected in block <sopc>.
WARNING:Xst:2677 - Node <u1/u_registers/SP_1> of sequential type is unconnected in block <sopc>.
WARNING:Xst:2677 - Node <u1/u_registers/SP_2> of sequential type is unconnected in block <sopc>.
WARNING:Xst:2677 - Node <u1/u_registers/SP_3> of sequential type is unconnected in block <sopc>.
WARNING:Xst:2677 - Node <u1/u_registers/SP_4> of sequential type is unconnected in block <sopc>.
WARNING:Xst:2677 - Node <u1/u_registers/SP_5> of sequential type is unconnected in block <sopc>.
WARNING:Xst:2677 - Node <u1/u_registers/SP_6> of sequential type is unconnected in block <sopc>.
WARNING:Xst:2677 - Node <u1/u_registers/SP_7> of sequential type is unconnected in block <sopc>.
WARNING:Xst:2677 - Node <u1/u_registers/SP_8> of sequential type is unconnected in block <sopc>.
WARNING:Xst:2677 - Node <u1/u_registers/SP_9> of sequential type is unconnected in block <sopc>.
WARNING:Xst:2677 - Node <u1/u_registers/SP_10> of sequential type is unconnected in block <sopc>.
WARNING:Xst:2677 - Node <u1/u_registers/SP_11> of sequential type is unconnected in block <sopc>.
WARNING:Xst:2677 - Node <u1/u_registers/SP_12> of sequential type is unconnected in block <sopc>.
WARNING:Xst:2677 - Node <u1/u_registers/SP_13> of sequential type is unconnected in block <sopc>.
WARNING:Xst:2677 - Node <u1/u_registers/SP_14> of sequential type is unconnected in block <sopc>.
WARNING:Xst:2677 - Node <u1/u_registers/SP_15> of sequential type is unconnected in block <sopc>.
WARNING:Xst:2677 - Node <u1/u_if_id/id_inst_0> of sequential type is unconnected in block <sopc>.
WARNING:Xst:2677 - Node <u1/u_if_id/id_inst_1> of sequential type is unconnected in block <sopc>.
WARNING:Xst:2677 - Node <u1/u_if_id/id_inst_2> of sequential type is unconnected in block <sopc>.
WARNING:Xst:2677 - Node <u1/u_if_id/id_inst_3> of sequential type is unconnected in block <sopc>.
WARNING:Xst:2677 - Node <u1/u_if_id/id_inst_4> of sequential type is unconnected in block <sopc>.
WARNING:Xst:2677 - Node <u1/u_if_id/id_inst_5> of sequential type is unconnected in block <sopc>.
WARNING:Xst:2677 - Node <u1/u_if_id/id_inst_6> of sequential type is unconnected in block <sopc>.
WARNING:Xst:2677 - Node <u1/u_if_id/id_inst_7> of sequential type is unconnected in block <sopc>.
WARNING:Xst:2677 - Node <u1/u_if_id/id_inst_8> of sequential type is unconnected in block <sopc>.
WARNING:Xst:2677 - Node <u1/u_if_id/id_inst_9> of sequential type is unconnected in block <sopc>.
WARNING:Xst:2677 - Node <u1/u_if_id/id_inst_10> of sequential type is unconnected in block <sopc>.
WARNING:Xst:2677 - Node <u1/u_if_id/id_inst_11> of sequential type is unconnected in block <sopc>.
WARNING:Xst:2677 - Node <u1/u_if_id/id_inst_12> of sequential type is unconnected in block <sopc>.
WARNING:Xst:2677 - Node <u1/u_if_id/id_inst_13> of sequential type is unconnected in block <sopc>.
WARNING:Xst:2677 - Node <u1/u_if_id/id_inst_14> of sequential type is unconnected in block <sopc>.
WARNING:Xst:2677 - Node <u1/u_if_id/id_inst_15> of sequential type is unconnected in block <sopc>.
WARNING:Xst:2677 - Node <u1/u_if_id/id_pc_0> of sequential type is unconnected in block <sopc>.
WARNING:Xst:2677 - Node <u1/u_if_id/id_pc_1> of sequential type is unconnected in block <sopc>.
WARNING:Xst:2677 - Node <u1/u_if_id/id_pc_2> of sequential type is unconnected in block <sopc>.
WARNING:Xst:2677 - Node <u1/u_if_id/id_pc_3> of sequential type is unconnected in block <sopc>.
WARNING:Xst:2677 - Node <u1/u_if_id/id_pc_4> of sequential type is unconnected in block <sopc>.
WARNING:Xst:2677 - Node <u1/u_if_id/id_pc_5> of sequential type is unconnected in block <sopc>.
WARNING:Xst:2677 - Node <u1/u_if_id/id_pc_6> of sequential type is unconnected in block <sopc>.
WARNING:Xst:2677 - Node <u1/u_if_id/id_pc_7> of sequential type is unconnected in block <sopc>.
WARNING:Xst:2677 - Node <u1/u_if_id/id_pc_8> of sequential type is unconnected in block <sopc>.
WARNING:Xst:2677 - Node <u1/u_if_id/id_pc_9> of sequential type is unconnected in block <sopc>.
WARNING:Xst:2677 - Node <u1/u_if_id/id_pc_10> of sequential type is unconnected in block <sopc>.
WARNING:Xst:2677 - Node <u1/u_if_id/id_pc_11> of sequential type is unconnected in block <sopc>.
WARNING:Xst:2677 - Node <u1/u_if_id/id_pc_12> of sequential type is unconnected in block <sopc>.
WARNING:Xst:2677 - Node <u1/u_if_id/id_pc_13> of sequential type is unconnected in block <sopc>.
WARNING:Xst:2677 - Node <u1/u_if_id/id_pc_14> of sequential type is unconnected in block <sopc>.
WARNING:Xst:2677 - Node <u1/u_if_id/id_pc_15> of sequential type is unconnected in block <sopc>.
WARNING:Xst:2677 - Node <u1/u_inst_mem/inst_o_0> of sequential type is unconnected in block <sopc>.
WARNING:Xst:2677 - Node <u1/u_inst_mem/inst_o_1> of sequential type is unconnected in block <sopc>.
WARNING:Xst:2677 - Node <u1/u_inst_mem/inst_o_2> of sequential type is unconnected in block <sopc>.
WARNING:Xst:2677 - Node <u1/u_inst_mem/inst_o_3> of sequential type is unconnected in block <sopc>.
WARNING:Xst:2677 - Node <u1/u_inst_mem/inst_o_4> of sequential type is unconnected in block <sopc>.
WARNING:Xst:2677 - Node <u1/u_inst_mem/inst_o_5> of sequential type is unconnected in block <sopc>.
WARNING:Xst:2677 - Node <u1/u_inst_mem/inst_o_6> of sequential type is unconnected in block <sopc>.
WARNING:Xst:2677 - Node <u1/u_inst_mem/inst_o_7> of sequential type is unconnected in block <sopc>.
WARNING:Xst:2677 - Node <u1/u_inst_mem/inst_o_8> of sequential type is unconnected in block <sopc>.
WARNING:Xst:2677 - Node <u1/u_inst_mem/inst_o_9> of sequential type is unconnected in block <sopc>.
WARNING:Xst:2677 - Node <u1/u_inst_mem/inst_o_10> of sequential type is unconnected in block <sopc>.
WARNING:Xst:2677 - Node <u1/u_inst_mem/inst_o_11> of sequential type is unconnected in block <sopc>.
WARNING:Xst:2677 - Node <u1/u_inst_mem/inst_o_12> of sequential type is unconnected in block <sopc>.
WARNING:Xst:2677 - Node <u1/u_inst_mem/inst_o_13> of sequential type is unconnected in block <sopc>.
WARNING:Xst:2677 - Node <u1/u_inst_mem/inst_o_14> of sequential type is unconnected in block <sopc>.
WARNING:Xst:2677 - Node <u1/u_inst_mem/inst_o_15> of sequential type is unconnected in block <sopc>.
WARNING:Xst:2677 - Node <u1/u_inst_mem/ram2_addr_0> of sequential type is unconnected in block <sopc>.
WARNING:Xst:2677 - Node <u1/u_inst_mem/ram2_addr_1> of sequential type is unconnected in block <sopc>.
WARNING:Xst:2677 - Node <u1/u_inst_mem/ram2_addr_2> of sequential type is unconnected in block <sopc>.
WARNING:Xst:2677 - Node <u1/u_inst_mem/ram2_addr_3> of sequential type is unconnected in block <sopc>.
WARNING:Xst:2677 - Node <u1/u_inst_mem/ram2_addr_4> of sequential type is unconnected in block <sopc>.
WARNING:Xst:2677 - Node <u1/u_inst_mem/ram2_addr_5> of sequential type is unconnected in block <sopc>.
WARNING:Xst:2677 - Node <u1/u_inst_mem/ram2_addr_6> of sequential type is unconnected in block <sopc>.
WARNING:Xst:2677 - Node <u1/u_inst_mem/ram2_addr_7> of sequential type is unconnected in block <sopc>.
WARNING:Xst:2677 - Node <u1/u_inst_mem/ram2_addr_8> of sequential type is unconnected in block <sopc>.
WARNING:Xst:2677 - Node <u1/u_inst_mem/ram2_addr_9> of sequential type is unconnected in block <sopc>.
WARNING:Xst:2677 - Node <u1/u_inst_mem/ram2_addr_10> of sequential type is unconnected in block <sopc>.
WARNING:Xst:2677 - Node <u1/u_inst_mem/ram2_addr_11> of sequential type is unconnected in block <sopc>.
WARNING:Xst:2677 - Node <u1/u_inst_mem/ram2_addr_12> of sequential type is unconnected in block <sopc>.
WARNING:Xst:2677 - Node <u1/u_inst_mem/ram2_addr_13> of sequential type is unconnected in block <sopc>.
WARNING:Xst:2677 - Node <u1/u_inst_mem/ram2_addr_14> of sequential type is unconnected in block <sopc>.
WARNING:Xst:2677 - Node <u1/u_inst_mem/ram2_addr_15> of sequential type is unconnected in block <sopc>.
WARNING:Xst:2677 - Node <u1/u_inst_mem/ram2_en> of sequential type is unconnected in block <sopc>.
WARNING:Xst:2677 - Node <u1/u_pc_reg/pc_o_0> of sequential type is unconnected in block <sopc>.
WARNING:Xst:2677 - Node <u1/u_pc_reg/pc_o_1> of sequential type is unconnected in block <sopc>.
WARNING:Xst:2677 - Node <u1/u_pc_reg/pc_o_2> of sequential type is unconnected in block <sopc>.
WARNING:Xst:2677 - Node <u1/u_pc_reg/pc_o_3> of sequential type is unconnected in block <sopc>.
WARNING:Xst:2677 - Node <u1/u_pc_reg/pc_o_4> of sequential type is unconnected in block <sopc>.
WARNING:Xst:2677 - Node <u1/u_pc_reg/pc_o_5> of sequential type is unconnected in block <sopc>.
WARNING:Xst:2677 - Node <u1/u_pc_reg/pc_o_6> of sequential type is unconnected in block <sopc>.
WARNING:Xst:2677 - Node <u1/u_pc_reg/pc_o_7> of sequential type is unconnected in block <sopc>.
WARNING:Xst:2677 - Node <u1/u_pc_reg/pc_o_8> of sequential type is unconnected in block <sopc>.
WARNING:Xst:2677 - Node <u1/u_pc_reg/pc_o_9> of sequential type is unconnected in block <sopc>.
WARNING:Xst:2677 - Node <u1/u_pc_reg/pc_o_10> of sequential type is unconnected in block <sopc>.
WARNING:Xst:2677 - Node <u1/u_pc_reg/pc_o_11> of sequential type is unconnected in block <sopc>.
WARNING:Xst:2677 - Node <u1/u_pc_reg/pc_o_12> of sequential type is unconnected in block <sopc>.
WARNING:Xst:2677 - Node <u1/u_pc_reg/pc_o_13> of sequential type is unconnected in block <sopc>.
WARNING:Xst:2677 - Node <u1/u_pc_reg/pc_o_14> of sequential type is unconnected in block <sopc>.
WARNING:Xst:2677 - Node <u1/u_pc_reg/pc_o_15> of sequential type is unconnected in block <sopc>.

Mapping all equations...
Building and optimizing final netlist ...
Found area constraint ratio of 100 (+ 5) on block sopc, actual ratio is 0.

Final Macro Processing ...

=========================================================================
Final Register Report

Found no macro
=========================================================================

=========================================================================
*                           Partition Report                            *
=========================================================================

Partition Implementation Status
-------------------------------

  No Partitions were found in this design.

-------------------------------

=========================================================================
*                            Final Report                               *
=========================================================================
Final Results
RTL Top Level Output File Name     : sopc.ngr
Top Level Output File Name         : sopc
Output Format                      : NGC
Optimization Goal                  : Speed
Keep Hierarchy                     : No

Design Statistics
# IOs                              : 2

Cell Usage :
=========================================================================

Device utilization summary:
---------------------------

Selected Device : 3s1200efg320-4 

 Number of Slices:                        0  out of   8672     0%  
 Number of IOs:                           2
 Number of bonded IOBs:                   0  out of    250     0%  

---------------------------
Partition Resource Summary:
---------------------------

  No Partitions were found in this design.

---------------------------


=========================================================================
TIMING REPORT

NOTE: THESE TIMING NUMBERS ARE ONLY A SYNTHESIS ESTIMATE.
      FOR ACCURATE TIMING INFORMATION PLEASE REFER TO THE TRACE REPORT
      GENERATED AFTER PLACE-and-ROUTE.

Clock Information:
------------------
No clock signals found in this design

Asynchronous Control Signals Information:
----------------------------------------
No asynchronous control signals found in this design

Timing Summary:
---------------
Speed Grade: -4

   Minimum period: No path found
   Minimum input arrival time before clock: No path found
   Maximum output required time after clock: No path found
   Maximum combinational path delay: No path found

Timing Detail:
--------------
All values displayed in nanoseconds (ns)

=========================================================================


Total REAL time to Xst completion: 10.00 secs
Total CPU time to Xst completion: 9.88 secs
 
--> 

Total memory usage is 326908 kilobytes

Number of errors   :    0 (   0 filtered)
Number of warnings :  437 (   0 filtered)
Number of infos    :   20 (   0 filtered)

