AR mem_wb behavioral C:/Users/Bob/Documents/xilinx/cpu208/mem_wb.vhd sub00/vhpl21 1479821779
PB constants constants C:/Users/Bob/Documents/xilinx/cpu208/constants.vhd sub00/vhpl29 1479821753
AR src_mux behavioral C:/Users/Bob/Documents/xilinx/cpu208/src_mux.vhd sub00/vhpl33 1479821769
EN inst_mem NULL C:/Users/Bob/Documents/xilinx/cpu208/inst_mem.vhd sub00/vhpl04 1479821758
AR data_mem behavioral C:/Users/Bob/Documents/xilinx/cpu208/data_mem.vhd sub00/vhpl19 1479821777
PH constants NULL C:/Users/Bob/Documents/xilinx/cpu208/constants.vhd sub00/vhpl28 1479821752
EN sopc NULL C:/Users/Bob/Documents/xilinx/cpu208/sopc.vhd sub00/vhpl26 1479821784
AR sopc behavioral C:/Users/Bob/Documents/xilinx/cpu208/sopc.vhd sub00/vhpl27 1479821785
AR registers behavioral C:/Users/Bob/Documents/xilinx/cpu208/registers.vhd sub00/vhpl09 1479821763
EN cpu NULL C:/Users/Bob/Documents/xilinx/cpu208/cpu.vhd sub00/vhpl22 1479821780
EN id_ex NULL C:/Users/Bob/Documents/xilinx/cpu208/id_ex.vhd sub00/vhpl12 1479821770
AR cpu behavioral C:/Users/Bob/Documents/xilinx/cpu208/cpu.vhd sub00/vhpl23 1479821781
EN data_mem NULL C:/Users/Bob/Documents/xilinx/cpu208/data_mem.vhd sub00/vhpl18 1479821776
AR pc_adder behavioral C:/Users/Bob/Documents/xilinx/cpu208/pc_adder.vhd sub00/vhpl03 1479821757
EN mem_wb NULL C:/Users/Bob/Documents/xilinx/cpu208/mem_wb.vhd sub00/vhpl20 1479821778
AR if_id behavioral C:/Users/Bob/Documents/xilinx/cpu208/if_id.vhd sub00/vhpl07 1479821761
EN ram2 NULL C:/Users/Bob/Documents/xilinx/cpu208/ram2.vhd sub00/vhpl24 1479821782
EN pc_reg NULL C:/Users/Bob/Documents/xilinx/cpu208/pc_reg.vhd sub00/vhpl00 1479821754
AR extend behavioral C:/Users/Bob/Documents/xilinx/cpu208/extend.vhd sub00/vhpl31 1479821767
EN extend NULL C:/Users/Bob/Documents/xilinx/cpu208/extend.vhd sub00/vhpl30 1479821766
EN if_id NULL C:/Users/Bob/Documents/xilinx/cpu208/if_id.vhd sub00/vhpl06 1479821760
AR pc_reg behavioral C:/Users/Bob/Documents/xilinx/cpu208/pc_reg.vhd sub00/vhpl01 1479821755
AR inst_mem behavioral C:/Users/Bob/Documents/xilinx/cpu208/inst_mem.vhd sub00/vhpl05 1479821759
AR alu behavioral C:/Users/Bob/Documents/xilinx/cpu208/alu.vhd sub00/vhpl15 1479821773
EN ex_mem NULL C:/Users/Bob/Documents/xilinx/cpu208/ex_mem.vhd sub00/vhpl16 1479821774
EN controller NULL C:/Users/Bob/Documents/xilinx/cpu208/controller.vhd sub00/vhpl10 1479821764
AR id_ex behavioral C:/Users/Bob/Documents/xilinx/cpu208/id_ex.vhd sub00/vhpl13 1479821771
AR controller behavioral C:/Users/Bob/Documents/xilinx/cpu208/controller.vhd sub00/vhpl11 1479821765
AR ex_mem behavioral C:/Users/Bob/Documents/xilinx/cpu208/ex_mem.vhd sub00/vhpl17 1479821775
EN pc_adder NULL C:/Users/Bob/Documents/xilinx/cpu208/pc_adder.vhd sub00/vhpl02 1479821756
AR ram2 behavioral C:/Users/Bob/Documents/xilinx/cpu208/ram2.vhd sub00/vhpl25 1479821783
EN registers NULL C:/Users/Bob/Documents/xilinx/cpu208/registers.vhd sub00/vhpl08 1479821762
EN alu NULL C:/Users/Bob/Documents/xilinx/cpu208/alu.vhd sub00/vhpl14 1479821772
EN src_mux NULL C:/Users/Bob/Documents/xilinx/cpu208/src_mux.vhd sub00/vhpl32 1479821768
