AR mem_wb behavioral C:/Users/Bob/Documents/xilinx/cpu208/mem_wb.vhd sub00/vhpl21 1479809792
EN inst_mem NULL C:/Users/Bob/Documents/xilinx/cpu208/inst_mem.vhd sub00/vhpl04 1479809775
AR data_mem behavioral C:/Users/Bob/Documents/xilinx/cpu208/data_mem.vhd sub00/vhpl19 1479809790
EN sopc NULL C:/Users/Bob/Documents/xilinx/cpu208/sopc.vhd sub00/vhpl26 1479809797
AR sopc behavioral C:/Users/Bob/Documents/xilinx/cpu208/sopc.vhd sub00/vhpl27 1479809798
AR registers behavioral C:/Users/Bob/Documents/xilinx/cpu208/registers.vhd sub00/vhpl09 1479809780
EN cpu NULL C:/Users/Bob/Documents/xilinx/cpu208/cpu.vhd sub00/vhpl22 1479809793
EN id_ex NULL C:/Users/Bob/Documents/xilinx/cpu208/id_ex.vhd sub00/vhpl12 1479809783
AR cpu behavioral C:/Users/Bob/Documents/xilinx/cpu208/cpu.vhd sub00/vhpl23 1479809794
EN data_mem NULL C:/Users/Bob/Documents/xilinx/cpu208/data_mem.vhd sub00/vhpl18 1479809789
AR pc_adder behavioral C:/Users/Bob/Documents/xilinx/cpu208/pc_adder.vhd sub00/vhpl03 1479809774
EN mem_wb NULL C:/Users/Bob/Documents/xilinx/cpu208/mem_wb.vhd sub00/vhpl20 1479809791
AR if_id behavioral C:/Users/Bob/Documents/xilinx/cpu208/if_id.vhd sub00/vhpl07 1479809778
EN ram2 NULL C:/Users/Bob/Documents/xilinx/cpu208/ram2.vhd sub00/vhpl24 1479809795
EN pc_reg NULL C:/Users/Bob/Documents/xilinx/cpu208/pc_reg.vhd sub00/vhpl00 1479809771
EN if_id NULL C:/Users/Bob/Documents/xilinx/cpu208/if_id.vhd sub00/vhpl06 1479809777
AR pc_reg behavioral C:/Users/Bob/Documents/xilinx/cpu208/pc_reg.vhd sub00/vhpl01 1479809772
AR inst_mem behavioral C:/Users/Bob/Documents/xilinx/cpu208/inst_mem.vhd sub00/vhpl05 1479809776
AR alu behavioral C:/Users/Bob/Documents/xilinx/cpu208/alu.vhd sub00/vhpl15 1479809786
EN ex_mem NULL C:/Users/Bob/Documents/xilinx/cpu208/ex_mem.vhd sub00/vhpl16 1479809787
EN controller NULL C:/Users/Bob/Documents/xilinx/cpu208/controller.vhd sub00/vhpl10 1479809781
AR id_ex behavioral C:/Users/Bob/Documents/xilinx/cpu208/id_ex.vhd sub00/vhpl13 1479809784
AR controller behavioral C:/Users/Bob/Documents/xilinx/cpu208/controller.vhd sub00/vhpl11 1479809782
AR ex_mem behavioral C:/Users/Bob/Documents/xilinx/cpu208/ex_mem.vhd sub00/vhpl17 1479809788
EN pc_adder NULL C:/Users/Bob/Documents/xilinx/cpu208/pc_adder.vhd sub00/vhpl02 1479809773
AR ram2 behavioral C:/Users/Bob/Documents/xilinx/cpu208/ram2.vhd sub00/vhpl25 1479809796
EN registers NULL C:/Users/Bob/Documents/xilinx/cpu208/registers.vhd sub00/vhpl08 1479809779
EN alu NULL C:/Users/Bob/Documents/xilinx/cpu208/alu.vhd sub00/vhpl14 1479809785
