AR mem_wb behavioral C:/Users/Bob/Documents/xilinx/cpu208/mem_wb.vhd sub00/vhpl21 1479833468
PB constants constants C:/Users/Bob/Documents/xilinx/cpu208/constants.vhd sub00/vhpl29 1479833478
EN forwarding_unit NULL C:/Users/Bob/Documents/xilinx/cpu208/forwarding_unit.vhd sub00/vhpl36 1479833469
AR forwarding_unit behavioral C:/Users/Bob/Documents/xilinx/cpu208/forwarding_unit.vhd sub00/vhpl37 1479833470
AR src_mux behavioral C:/Users/Bob/Documents/xilinx/cpu208/src_mux.vhd sub00/vhpl33 1479833456
EN inst_mem NULL C:/Users/Bob/Documents/xilinx/cpu208/inst_mem.vhd sub00/vhpl04 1479833445
AR data_mem behavioral C:/Users/Bob/Documents/xilinx/cpu208/data_mem.vhd sub00/vhpl19 1479833466
PH constants NULL C:/Users/Bob/Documents/xilinx/cpu208/constants.vhd sub00/vhpl28 1479833477
EN sopc NULL C:/Users/Bob/Documents/xilinx/cpu208/sopc.vhd sub00/vhpl26 1479833475
AR sopc behavioral C:/Users/Bob/Documents/xilinx/cpu208/sopc.vhd sub00/vhpl27 1479833476
AR registers behavioral C:/Users/Bob/Documents/xilinx/cpu208/registers.vhd sub00/vhpl09 1479833450
EN cpu NULL C:/Users/Bob/Documents/xilinx/cpu208/cpu.vhd sub00/vhpl22 1479833471
EN id_ex NULL C:/Users/Bob/Documents/xilinx/cpu208/id_ex.vhd sub00/vhpl12 1479833457
AR cpu behavioral C:/Users/Bob/Documents/xilinx/cpu208/cpu.vhd sub00/vhpl23 1479833472
EN data_mem NULL C:/Users/Bob/Documents/xilinx/cpu208/data_mem.vhd sub00/vhpl18 1479833465
AR pc_adder behavioral C:/Users/Bob/Documents/xilinx/cpu208/pc_adder.vhd sub00/vhpl03 1479833444
EN mem_wb NULL C:/Users/Bob/Documents/xilinx/cpu208/mem_wb.vhd sub00/vhpl20 1479833467
AR if_id behavioral C:/Users/Bob/Documents/xilinx/cpu208/if_id.vhd sub00/vhpl07 1479833448
AR forward_mux behavioral C:/Users/Bob/Documents/xilinx/cpu208/forward_mux.vhd sub00/vhpl35 1479833460
EN ram2 NULL C:/Users/Bob/Documents/xilinx/cpu208/ram2.vhd sub00/vhpl24 1479833473
EN pc_reg NULL C:/Users/Bob/Documents/xilinx/cpu208/pc_reg.vhd sub00/vhpl00 1479833441
AR extend behavioral C:/Users/Bob/Documents/xilinx/cpu208/extend.vhd sub00/vhpl31 1479833454
EN extend NULL C:/Users/Bob/Documents/xilinx/cpu208/extend.vhd sub00/vhpl30 1479833453
EN forward_mux NULL C:/Users/Bob/Documents/xilinx/cpu208/forward_mux.vhd sub00/vhpl34 1479833459
EN if_id NULL C:/Users/Bob/Documents/xilinx/cpu208/if_id.vhd sub00/vhpl06 1479833447
AR pc_reg behavioral C:/Users/Bob/Documents/xilinx/cpu208/pc_reg.vhd sub00/vhpl01 1479833442
AR inst_mem behavioral C:/Users/Bob/Documents/xilinx/cpu208/inst_mem.vhd sub00/vhpl05 1479833446
AR alu behavioral C:/Users/Bob/Documents/xilinx/cpu208/alu.vhd sub00/vhpl15 1479833462
EN ex_mem NULL C:/Users/Bob/Documents/xilinx/cpu208/ex_mem.vhd sub00/vhpl16 1479833463
EN controller NULL C:/Users/Bob/Documents/xilinx/cpu208/controller.vhd sub00/vhpl10 1479833451
AR id_ex behavioral C:/Users/Bob/Documents/xilinx/cpu208/id_ex.vhd sub00/vhpl13 1479833458
AR controller behavioral C:/Users/Bob/Documents/xilinx/cpu208/controller.vhd sub00/vhpl11 1479833452
AR ex_mem behavioral C:/Users/Bob/Documents/xilinx/cpu208/ex_mem.vhd sub00/vhpl17 1479833464
EN pc_adder NULL C:/Users/Bob/Documents/xilinx/cpu208/pc_adder.vhd sub00/vhpl02 1479833443
AR ram2 behavioral C:/Users/Bob/Documents/xilinx/cpu208/ram2.vhd sub00/vhpl25 1479833474
EN registers NULL C:/Users/Bob/Documents/xilinx/cpu208/registers.vhd sub00/vhpl08 1479833449
EN alu NULL C:/Users/Bob/Documents/xilinx/cpu208/alu.vhd sub00/vhpl14 1479833461
EN src_mux NULL C:/Users/Bob/Documents/xilinx/cpu208/src_mux.vhd sub00/vhpl32 1479833455
