V3 66
FL C:/Users/Bob/Documents/xilinx/cpu208/alu.vhd 2016/11/22.18:56:53 P.20131013
EN work/alu 1479821772 FL C:/Users/Bob/Documents/xilinx/cpu208/alu.vhd \
      PB ieee/std_logic_1164 1381692176 PB ieee/std_logic_arith 1381692177 \
      PB ieee/STD_LOGIC_UNSIGNED 1381692179
AR work/alu/Behavioral 1479821773 \
      FL C:/Users/Bob/Documents/xilinx/cpu208/alu.vhd EN work/alu 1479821772
FL C:/Users/Bob/Documents/xilinx/cpu208/constants.vhd 2016/11/22.21:31:35 P.20131013
PH work/constants 1479821752 \
      FL C:/Users/Bob/Documents/xilinx/cpu208/constants.vhd \
      PB ieee/std_logic_1164 1381692176
PB work/constants 1479821753 \
      FL C:/Users/Bob/Documents/xilinx/cpu208/constants.vhd PH work/constants 1479821752
FL C:/Users/Bob/Documents/xilinx/cpu208/controller.vhd 2016/11/22.21:07:50 P.20131013
EN work/controller 1479821764 \
      FL C:/Users/Bob/Documents/xilinx/cpu208/controller.vhd \
      PB ieee/std_logic_1164 1381692176 PB work/constants 1479821753
AR work/controller/Behavioral 1479821765 \
      FL C:/Users/Bob/Documents/xilinx/cpu208/controller.vhd EN work/controller 1479821764
FL C:/Users/Bob/Documents/xilinx/cpu208/cpu.vhd 2016/11/22.21:33:20 P.20131013
EN work/cpu 1479821780 FL C:/Users/Bob/Documents/xilinx/cpu208/cpu.vhd \
      PB ieee/std_logic_1164 1381692176
AR work/cpu/Behavioral 1479821781 \
      FL C:/Users/Bob/Documents/xilinx/cpu208/cpu.vhd EN work/cpu 1479821780 \
      CP pc_reg CP pc_adder CP inst_mem CP if_id CP registers CP controller CP extend \
      CP src_mux CP id_ex CP alu CP ex_mem CP data_mem CP mem_wb
FL C:/Users/Bob/Documents/xilinx/cpu208/data_mem.vhd 2016/11/22.18:56:53 P.20131013
EN work/data_mem 1479821776 FL C:/Users/Bob/Documents/xilinx/cpu208/data_mem.vhd \
      PB ieee/std_logic_1164 1381692176
AR work/data_mem/Behavioral 1479821777 \
      FL C:/Users/Bob/Documents/xilinx/cpu208/data_mem.vhd EN work/data_mem 1479821776
FL C:/Users/Bob/Documents/xilinx/cpu208/extend.vhd 2016/11/22.21:29:09 P.20131013
EN work/extend 1479821766 FL C:/Users/Bob/Documents/xilinx/cpu208/extend.vhd \
      PB ieee/std_logic_1164 1381692176
AR work/extend/Behavioral 1479821767 \
      FL C:/Users/Bob/Documents/xilinx/cpu208/extend.vhd EN work/extend 1479821766
FL C:/Users/Bob/Documents/xilinx/cpu208/ex_mem.vhd 2016/11/22.18:56:53 P.20131013
EN work/ex_mem 1479821774 FL C:/Users/Bob/Documents/xilinx/cpu208/ex_mem.vhd \
      PB ieee/std_logic_1164 1381692176
AR work/ex_mem/Behavioral 1479821775 \
      FL C:/Users/Bob/Documents/xilinx/cpu208/ex_mem.vhd EN work/ex_mem 1479821774
FL C:/Users/Bob/Documents/xilinx/cpu208/id_ex.vhd 2016/11/22.18:56:53 P.20131013
EN work/id_ex 1479821770 FL C:/Users/Bob/Documents/xilinx/cpu208/id_ex.vhd \
      PB ieee/std_logic_1164 1381692176
AR work/id_ex/Behavioral 1479821771 \
      FL C:/Users/Bob/Documents/xilinx/cpu208/id_ex.vhd EN work/id_ex 1479821770
FL C:/Users/Bob/Documents/xilinx/cpu208/if_id.vhd 2016/11/22.18:56:53 P.20131013
EN work/if_id 1479821760 FL C:/Users/Bob/Documents/xilinx/cpu208/if_id.vhd \
      PB ieee/std_logic_1164 1381692176
AR work/if_id/Behavioral 1479821761 \
      FL C:/Users/Bob/Documents/xilinx/cpu208/if_id.vhd EN work/if_id 1479821760
FL C:/Users/Bob/Documents/xilinx/cpu208/inst_mem.vhd 2016/11/22.18:56:53 P.20131013
EN work/inst_mem 1479821758 FL C:/Users/Bob/Documents/xilinx/cpu208/inst_mem.vhd \
      PB ieee/std_logic_1164 1381692176
AR work/inst_mem/Behavioral 1479821759 \
      FL C:/Users/Bob/Documents/xilinx/cpu208/inst_mem.vhd EN work/inst_mem 1479821758
FL C:/Users/Bob/Documents/xilinx/cpu208/mem_wb.vhd 2016/11/22.18:56:53 P.20131013
EN work/mem_wb 1479821778 FL C:/Users/Bob/Documents/xilinx/cpu208/mem_wb.vhd \
      PB ieee/std_logic_1164 1381692176
AR work/mem_wb/Behavioral 1479821779 \
      FL C:/Users/Bob/Documents/xilinx/cpu208/mem_wb.vhd EN work/mem_wb 1479821778
FL C:/Users/Bob/Documents/xilinx/cpu208/pc_adder.vhd 2016/11/22.18:56:53 P.20131013
EN work/pc_adder 1479821756 FL C:/Users/Bob/Documents/xilinx/cpu208/pc_adder.vhd \
      PB ieee/std_logic_1164 1381692176 PB ieee/std_logic_arith 1381692177 \
      PB ieee/STD_LOGIC_UNSIGNED 1381692179
AR work/pc_adder/Behavioral 1479821757 \
      FL C:/Users/Bob/Documents/xilinx/cpu208/pc_adder.vhd EN work/pc_adder 1479821756
FL C:/Users/Bob/Documents/xilinx/cpu208/pc_reg.vhd 2016/11/22.18:56:53 P.20131013
EN work/pc_reg 1479821754 FL C:/Users/Bob/Documents/xilinx/cpu208/pc_reg.vhd \
      PB ieee/std_logic_1164 1381692176
AR work/pc_reg/Behavioral 1479821755 \
      FL C:/Users/Bob/Documents/xilinx/cpu208/pc_reg.vhd EN work/pc_reg 1479821754
FL C:/Users/Bob/Documents/xilinx/cpu208/ram2.vhd 2016/11/22.21:16:25 P.20131013
EN work/ram2 1479821782 FL C:/Users/Bob/Documents/xilinx/cpu208/ram2.vhd \
      PB ieee/std_logic_1164 1381692176
AR work/ram2/Behavioral 1479821783 \
      FL C:/Users/Bob/Documents/xilinx/cpu208/ram2.vhd EN work/ram2 1479821782
FL C:/Users/Bob/Documents/xilinx/cpu208/registers.vhd 2016/11/22.18:56:53 P.20131013
EN work/registers 1479821762 \
      FL C:/Users/Bob/Documents/xilinx/cpu208/registers.vhd \
      PB ieee/std_logic_1164 1381692176
AR work/registers/Behavioral 1479821763 \
      FL C:/Users/Bob/Documents/xilinx/cpu208/registers.vhd EN work/registers 1479821762
FL C:/Users/Bob/Documents/xilinx/cpu208/sopc.vhd 2016/11/22.18:56:53 P.20131013
EN work/sopc 1479821784 FL C:/Users/Bob/Documents/xilinx/cpu208/sopc.vhd \
      PB ieee/std_logic_1164 1381692176
AR work/sopc/Behavioral 1479821785 \
      FL C:/Users/Bob/Documents/xilinx/cpu208/sopc.vhd EN work/sopc 1479821784 \
      CP cpu CP ram2
FL C:/Users/Bob/Documents/xilinx/cpu208/src_mux.vhd 2016/11/22.21:12:46 P.20131013
EN work/src_mux 1479821768 FL C:/Users/Bob/Documents/xilinx/cpu208/src_mux.vhd \
      PB ieee/std_logic_1164 1381692176 PB work/constants 1479821753
AR work/src_mux/Behavioral 1479821769 \
      FL C:/Users/Bob/Documents/xilinx/cpu208/src_mux.vhd EN work/src_mux 1479821768
