V3 55
FL C:/Users/Bob/Documents/xilinx/cpu208/alu.vhd 2016/11/22.16:26:22 P.20131013
EN work/alu 1479809785 FL C:/Users/Bob/Documents/xilinx/cpu208/alu.vhd \
      PB ieee/std_logic_1164 1381692176 PB ieee/std_logic_arith 1381692177 \
      PB ieee/STD_LOGIC_UNSIGNED 1381692179
AR work/alu/Behavioral 1479809786 \
      FL C:/Users/Bob/Documents/xilinx/cpu208/alu.vhd EN work/alu 1479809785
FL C:/Users/Bob/Documents/xilinx/cpu208/controller.vhd 2016/11/22.17:35:08 P.20131013
EN work/controller 1479809781 \
      FL C:/Users/Bob/Documents/xilinx/cpu208/controller.vhd \
      PB ieee/std_logic_1164 1381692176
AR work/controller/Behavioral 1479809782 \
      FL C:/Users/Bob/Documents/xilinx/cpu208/controller.vhd EN work/controller 1479809781
FL C:/Users/Bob/Documents/xilinx/cpu208/cpu.vhd 2016/11/22.18:15:45 P.20131013
EN work/cpu 1479809793 FL C:/Users/Bob/Documents/xilinx/cpu208/cpu.vhd \
      PB ieee/std_logic_1164 1381692176
AR work/cpu/Behavioral 1479809794 \
      FL C:/Users/Bob/Documents/xilinx/cpu208/cpu.vhd EN work/cpu 1479809793 \
      CP pc_reg CP pc_adder CP inst_mem CP if_id CP registers CP controller CP id_ex \
      CP alu CP ex_mem CP data_mem CP mem_wb
FL C:/Users/Bob/Documents/xilinx/cpu208/data_mem.vhd 2016/11/22.18:16:03 P.20131013
EN work/data_mem 1479809789 FL C:/Users/Bob/Documents/xilinx/cpu208/data_mem.vhd \
      PB ieee/std_logic_1164 1381692176
AR work/data_mem/Behavioral 1479809790 \
      FL C:/Users/Bob/Documents/xilinx/cpu208/data_mem.vhd EN work/data_mem 1479809789
FL C:/Users/Bob/Documents/xilinx/cpu208/ex_mem.vhd 2016/11/22.17:15:01 P.20131013
EN work/ex_mem 1479809787 FL C:/Users/Bob/Documents/xilinx/cpu208/ex_mem.vhd \
      PB ieee/std_logic_1164 1381692176
AR work/ex_mem/Behavioral 1479809788 \
      FL C:/Users/Bob/Documents/xilinx/cpu208/ex_mem.vhd EN work/ex_mem 1479809787
FL C:/Users/Bob/Documents/xilinx/cpu208/id_ex.vhd 2016/11/22.17:14:28 P.20131013
EN work/id_ex 1479809783 FL C:/Users/Bob/Documents/xilinx/cpu208/id_ex.vhd \
      PB ieee/std_logic_1164 1381692176
AR work/id_ex/Behavioral 1479809784 \
      FL C:/Users/Bob/Documents/xilinx/cpu208/id_ex.vhd EN work/id_ex 1479809783
FL C:/Users/Bob/Documents/xilinx/cpu208/if_id.vhd 2016/11/22.17:10:51 P.20131013
EN work/if_id 1479809777 FL C:/Users/Bob/Documents/xilinx/cpu208/if_id.vhd \
      PB ieee/std_logic_1164 1381692176
AR work/if_id/Behavioral 1479809778 \
      FL C:/Users/Bob/Documents/xilinx/cpu208/if_id.vhd EN work/if_id 1479809777
FL C:/Users/Bob/Documents/xilinx/cpu208/inst_mem.vhd 2016/11/22.18:14:27 P.20131013
EN work/inst_mem 1479809775 FL C:/Users/Bob/Documents/xilinx/cpu208/inst_mem.vhd \
      PB ieee/std_logic_1164 1381692176
AR work/inst_mem/Behavioral 1479809776 \
      FL C:/Users/Bob/Documents/xilinx/cpu208/inst_mem.vhd EN work/inst_mem 1479809775
FL C:/Users/Bob/Documents/xilinx/cpu208/mem_wb.vhd 2016/11/22.17:15:19 P.20131013
EN work/mem_wb 1479809791 FL C:/Users/Bob/Documents/xilinx/cpu208/mem_wb.vhd \
      PB ieee/std_logic_1164 1381692176
AR work/mem_wb/Behavioral 1479809792 \
      FL C:/Users/Bob/Documents/xilinx/cpu208/mem_wb.vhd EN work/mem_wb 1479809791
FL C:/Users/Bob/Documents/xilinx/cpu208/pc_adder.vhd 2016/11/21.23:36:51 P.20131013
EN work/pc_adder 1479809773 FL C:/Users/Bob/Documents/xilinx/cpu208/pc_adder.vhd \
      PB ieee/std_logic_1164 1381692176 PB ieee/std_logic_arith 1381692177 \
      PB ieee/STD_LOGIC_UNSIGNED 1381692179
AR work/pc_adder/Behavioral 1479809774 \
      FL C:/Users/Bob/Documents/xilinx/cpu208/pc_adder.vhd EN work/pc_adder 1479809773
FL C:/Users/Bob/Documents/xilinx/cpu208/pc_reg.vhd 2016/11/22.16:09:05 P.20131013
EN work/pc_reg 1479809771 FL C:/Users/Bob/Documents/xilinx/cpu208/pc_reg.vhd \
      PB ieee/std_logic_1164 1381692176
AR work/pc_reg/Behavioral 1479809772 \
      FL C:/Users/Bob/Documents/xilinx/cpu208/pc_reg.vhd EN work/pc_reg 1479809771
FL C:/Users/Bob/Documents/xilinx/cpu208/ram2.vhd 2016/11/22.18:05:09 P.20131013
EN work/ram2 1479809795 FL C:/Users/Bob/Documents/xilinx/cpu208/ram2.vhd \
      PB ieee/std_logic_1164 1381692176
AR work/ram2/Behavioral 1479809796 \
      FL C:/Users/Bob/Documents/xilinx/cpu208/ram2.vhd EN work/ram2 1479809795
FL C:/Users/Bob/Documents/xilinx/cpu208/registers.vhd 2016/11/22.17:30:34 P.20131013
EN work/registers 1479809779 \
      FL C:/Users/Bob/Documents/xilinx/cpu208/registers.vhd \
      PB ieee/std_logic_1164 1381692176
AR work/registers/Behavioral 1479809780 \
      FL C:/Users/Bob/Documents/xilinx/cpu208/registers.vhd EN work/registers 1479809779
FL C:/Users/Bob/Documents/xilinx/cpu208/sopc.vhd 2016/11/22.18:03:41 P.20131013
EN work/sopc 1479809797 FL C:/Users/Bob/Documents/xilinx/cpu208/sopc.vhd \
      PB ieee/std_logic_1164 1381692176
AR work/sopc/Behavioral 1479809798 \
      FL C:/Users/Bob/Documents/xilinx/cpu208/sopc.vhd EN work/sopc 1479809797 \
      CP cpu CP ram2
